<html>
<body>
<pre>
<h1>礦ision Build Log</h1>
<h2>Tool Versions:</h2>
IDE-Version: μVision V5.24.2.0
Copyright (C) 2017 ARM Ltd and ARM Germany GmbH. All rights reserved.
License Information: W qh, A, LIC=CZLZX-HXQ0J-HLBCL-06Y2B-V0YQK-GRNBY
 
Tool Versions:
Toolchain:       MDK-ARM Plus  Version: 5.24.1
Toolchain Path:  D:\keil5\ARM\ARMCC\Bin
C Compiler:      Armcc.exe V5.06 update 5 (build 528)
Assembler:       Armasm.exe V5.06 update 5 (build 528)
Linker/Locator:  ArmLink.exe V5.06 update 5 (build 528)
Library Manager: ArmAr.exe V5.06 update 5 (build 528)
Hex Converter:   FromElf.exe V5.06 update 5 (build 528)
CPU DLL:         SARMCM3.DLL V5.24.1
Dialog DLL:      DCM.DLL V1.16.0.0
Target DLL:      STLink\ST-LINKIII-KEIL_SWO.dll V3.0.1.0
Dialog DLL:      TCM.DLL V1.32.0.0
 
<h2>Project:</h2>
C:\Users\boatman\Desktop\stm32project\ASC红外循迹小车代码\Project.uvprojx
Project File Date:  11/20/2025

<h2>Output:</h2>
*** Using Compiler 'V5.06 update 5 (build 528)', folder: 'D:\keil5\ARM\ARMCC\Bin'
Build target 'Target 1'
compiling Sensor.c...
compiling image.c...
compiling Key.c...
compiling main.c...
.\Hardware\Encoder.h(5): warning:  #1295-D: Deprecated declaration Encoder_GetSpeed1 - give arg types
  int16_t Encoder_GetSpeed1();
.\Hardware\Encoder.h(6): warning:  #1295-D: Deprecated declaration Encoder_GetSpeed2 - give arg types
  int16_t Encoder_GetSpeed2();
.\Hardware\Moter.h(4): warning:  #1295-D: Deprecated declaration Moter_Init - give arg types
  void Moter_Init();
.\Hardware\Serial.h(9): warning:  #1295-D: Deprecated declaration Serial_Init - give arg types
  void Serial_Init();
User\main.c(213): warning:  #1-D: last line of file ends without a newline
  }
User\main.c: 5 warnings, 0 errors
compiling PID.c...
Hardware\Moter.h(4): warning:  #1295-D: Deprecated declaration Moter_Init - give arg types
  void Moter_Init();
Hardware\PID.c(21): warning:  #177-D: variable "errorInt"  was declared but never referenced
    static float error0=0,error1=0,error2=0,errorInt=0;
Hardware\PID.c(48): warning:  #177-D: variable "errorInt_loc"  was declared but never referenced
    static float error0_loc=0,error1_loc=0,error2_loc=0,errorInt_loc=0;
Hardware\PID.c(94): warning:  #177-D: variable "errorInt"  was declared but never referenced
    static float error0=0,error1=0,error2=0,errorInt=0;
Hardware\PID.c(117): warning:  #177-D: variable "errorInt_loc"  was declared but never referenced
    static float error0_loc=0,error1_loc=0,error2_loc=0,errorInt_loc=0;
Hardware\PID.c(153): warning:  #177-D: variable "errorInt_loc"  was declared but never referenced
    static float error0_loc=0,error1_loc=0,error2_loc=0,errorInt_loc=0;
Hardware\PID.c(183): warning:  #177-D: variable "errorInt"  was declared but never referenced
    static float error0=0,error1=0,error2=0,errorInt=0;
Hardware\PID.c(219): warning:  #177-D: variable "errorInt"  was declared but never referenced
    static float error0=0,error1=0,error2=0,errorInt=0;
Hardware\PID.c(242): warning:  #177-D: variable "errorInt_loc"  was declared but never referenced
    static float error0_loc=0,error1_loc=0,error2_loc=0,errorInt_loc=0;
Hardware\PID.c(327): warning:  #1-D: last line of file ends without a newline
  }
Hardware\PID.c(278): warning:  #177-D: variable "errorInt_loc"  was declared but never referenced
    static float error0_loc=0,error1_loc=0,error2_loc=0,errorInt_loc=0;
Hardware\PID.c(308): warning:  #177-D: variable "errorInt"  was declared but never referenced
    static float error0=0,error1=0,error2=0,errorInt=0;
Hardware\PID.c: 12 warnings, 0 errors
compiling Timer.c...
System\Timer.c(43): warning:  #1-D: last line of file ends without a newline
  */
System\Timer.c: 1 warning, 0 errors
linking...
Program Size: Code=14666 RO-data=2342 RW-data=112 ZI-data=1736  
".\Objects\Project.axf" - 0 Error(s), 18 Warning(s).

<h2>Software Packages used:</h2>

Package Vendor: Keil
                http://www.keil.com/pack/Keil.STM32F1xx_DFP.2.2.0.pack
                Keil.STM32F1xx_DFP.2.2.0
                STMicroelectronics STM32F1 Series Device Support, Drivers and Examples

<h2>Collection of Component include folders:</h2>
  .\RTE\_Target_1
  D:\keil5\ARM\PACK\Keil\STM32F1xx_DFP\2.2.0\Device\Include

<h2>Collection of Component Files used:</h2>
Build Time Elapsed:  00:00:03
</pre>
</body>
</html>
