Component: ARM Compiler 5.06 update 5 (build 528) Tool: armlink [4d35e2]

==============================================================================

Section Cross References

    startup_stm32f10x_md.o(STACK) refers (Special) to heapauxi.o(.text) for __use_two_region_memory
    startup_stm32f10x_md.o(HEAP) refers (Special) to heapauxi.o(.text) for __use_two_region_memory
    startup_stm32f10x_md.o(RESET) refers (Special) to heapauxi.o(.text) for __use_two_region_memory
    startup_stm32f10x_md.o(RESET) refers to startup_stm32f10x_md.o(STACK) for __initial_sp
    startup_stm32f10x_md.o(RESET) refers to startup_stm32f10x_md.o(.text) for Reset_Handler
    startup_stm32f10x_md.o(RESET) refers to stm32f10x_it.o(i.NMI_Handler) for NMI_Handler
    startup_stm32f10x_md.o(RESET) refers to stm32f10x_it.o(i.HardFault_Handler) for HardFault_Handler
    startup_stm32f10x_md.o(RESET) refers to stm32f10x_it.o(i.MemManage_Handler) for MemManage_Handler
    startup_stm32f10x_md.o(RESET) refers to stm32f10x_it.o(i.BusFault_Handler) for BusFault_Handler
    startup_stm32f10x_md.o(RESET) refers to stm32f10x_it.o(i.UsageFault_Handler) for UsageFault_Handler
    startup_stm32f10x_md.o(RESET) refers to stm32f10x_it.o(i.SVC_Handler) for SVC_Handler
    startup_stm32f10x_md.o(RESET) refers to stm32f10x_it.o(i.DebugMon_Handler) for DebugMon_Handler
    startup_stm32f10x_md.o(RESET) refers to stm32f10x_it.o(i.PendSV_Handler) for PendSV_Handler
    startup_stm32f10x_md.o(RESET) refers to stm32f10x_it.o(i.SysTick_Handler) for SysTick_Handler
    startup_stm32f10x_md.o(RESET) refers to main.o(i.TIM2_IRQHandler) for TIM2_IRQHandler
    startup_stm32f10x_md.o(RESET) refers to serial.o(i.USART1_IRQHandler) for USART1_IRQHandler
    startup_stm32f10x_md.o(.text) refers (Special) to heapauxi.o(.text) for __use_two_region_memory
    startup_stm32f10x_md.o(.text) refers to system_stm32f10x.o(i.SystemInit) for SystemInit
    startup_stm32f10x_md.o(.text) refers to __main.o(!!!main) for __main
    startup_stm32f10x_md.o(.text) refers to startup_stm32f10x_md.o(HEAP) for Heap_Mem
    startup_stm32f10x_md.o(.text) refers to startup_stm32f10x_md.o(STACK) for Stack_Mem
    system_stm32f10x.o(i.SetSysClock) refers to system_stm32f10x.o(i.SetSysClockTo72) for SetSysClockTo72
    system_stm32f10x.o(i.SystemCoreClockUpdate) refers to system_stm32f10x.o(.data) for SystemCoreClock
    system_stm32f10x.o(i.SystemInit) refers to system_stm32f10x.o(i.SetSysClock) for SetSysClock
    stm32f10x_adc.o(i.ADC_DeInit) refers to stm32f10x_rcc.o(i.RCC_APB2PeriphResetCmd) for RCC_APB2PeriphResetCmd
    stm32f10x_bkp.o(i.BKP_DeInit) refers to stm32f10x_rcc.o(i.RCC_BackupResetCmd) for RCC_BackupResetCmd
    stm32f10x_can.o(i.CAN_DeInit) refers to stm32f10x_rcc.o(i.RCC_APB1PeriphResetCmd) for RCC_APB1PeriphResetCmd
    stm32f10x_can.o(i.CAN_GetITStatus) refers to stm32f10x_can.o(i.CheckITStatus) for CheckITStatus
    stm32f10x_cec.o(i.CEC_DeInit) refers to stm32f10x_rcc.o(i.RCC_APB1PeriphResetCmd) for RCC_APB1PeriphResetCmd
    stm32f10x_dac.o(i.DAC_DeInit) refers to stm32f10x_rcc.o(i.RCC_APB1PeriphResetCmd) for RCC_APB1PeriphResetCmd
    stm32f10x_flash.o(i.FLASH_EnableWriteProtection) refers to stm32f10x_flash.o(i.FLASH_WaitForLastOperation) for FLASH_WaitForLastOperation
    stm32f10x_flash.o(i.FLASH_EraseAllBank1Pages) refers to stm32f10x_flash.o(i.FLASH_WaitForLastBank1Operation) for FLASH_WaitForLastBank1Operation
    stm32f10x_flash.o(i.FLASH_EraseAllPages) refers to stm32f10x_flash.o(i.FLASH_WaitForLastOperation) for FLASH_WaitForLastOperation
    stm32f10x_flash.o(i.FLASH_EraseOptionBytes) refers to stm32f10x_flash.o(i.FLASH_GetReadOutProtectionStatus) for FLASH_GetReadOutProtectionStatus
    stm32f10x_flash.o(i.FLASH_EraseOptionBytes) refers to stm32f10x_flash.o(i.FLASH_WaitForLastOperation) for FLASH_WaitForLastOperation
    stm32f10x_flash.o(i.FLASH_ErasePage) refers to stm32f10x_flash.o(i.FLASH_WaitForLastOperation) for FLASH_WaitForLastOperation
    stm32f10x_flash.o(i.FLASH_ProgramHalfWord) refers to stm32f10x_flash.o(i.FLASH_WaitForLastOperation) for FLASH_WaitForLastOperation
    stm32f10x_flash.o(i.FLASH_ProgramOptionByteData) refers to stm32f10x_flash.o(i.FLASH_WaitForLastOperation) for FLASH_WaitForLastOperation
    stm32f10x_flash.o(i.FLASH_ProgramWord) refers to stm32f10x_flash.o(i.FLASH_WaitForLastOperation) for FLASH_WaitForLastOperation
    stm32f10x_flash.o(i.FLASH_ReadOutProtection) refers to stm32f10x_flash.o(i.FLASH_WaitForLastOperation) for FLASH_WaitForLastOperation
    stm32f10x_flash.o(i.FLASH_UserOptionByteConfig) refers to stm32f10x_flash.o(i.FLASH_WaitForLastOperation) for FLASH_WaitForLastOperation
    stm32f10x_flash.o(i.FLASH_WaitForLastBank1Operation) refers to stm32f10x_flash.o(i.FLASH_GetBank1Status) for FLASH_GetBank1Status
    stm32f10x_flash.o(i.FLASH_WaitForLastOperation) refers to stm32f10x_flash.o(i.FLASH_GetBank1Status) for FLASH_GetBank1Status
[...]
    i.TI2_Config                             0x0800342c   Section        0  stm32f10x_tim.o(i.TI2_Config)
    TI2_Config                               0x0800342d   Thumb Code   130  stm32f10x_tim.o(i.TI2_Config)
    i.TI3_Config                             0x080034c4   Section        0  stm32f10x_tim.o(i.TI3_Config)
    TI3_Config                               0x080034c5   Thumb Code   122  stm32f10x_tim.o(i.TI3_Config)
    i.TI4_Config                             0x08003554   Section        0  stm32f10x_tim.o(i.TI4_Config)
    TI4_Config                               0x08003555   Thumb Code   130  stm32f10x_tim.o(i.TI4_Config)
    i.TIM2_IRQHandler                        0x080035ec   Section        0  main.o(i.TIM2_IRQHandler)
    i.TIM_ClearFlag                          0x080036d8   Section        0  stm32f10x_tim.o(i.TIM_ClearFlag)
    i.TIM_ClearITPendingBit                  0x080036de   Section        0  stm32f10x_tim.o(i.TIM_ClearITPendingBit)
    i.TIM_Cmd                                0x080036e4   Section        0  stm32f10x_tim.o(i.TIM_Cmd)
    i.TIM_EncoderInterfaceConfig             0x080036fc   Section        0  stm32f10x_tim.o(i.TIM_EncoderInterfaceConfig)
    i.TIM_GetCounter                         0x0800373e   Section        0  stm32f10x_tim.o(i.TIM_GetCounter)
    i.TIM_GetITStatus                        0x08003744   Section        0  stm32f10x_tim.o(i.TIM_GetITStatus)
    i.TIM_ICInit                             0x08003768   Section        0  stm32f10x_tim.o(i.TIM_ICInit)
    i.TIM_ICStructInit                       0x08003814   Section        0  stm32f10x_tim.o(i.TIM_ICStructInit)
    i.TIM_ITConfig                           0x08003826   Section        0  stm32f10x_tim.o(i.TIM_ITConfig)
    i.TIM_InternalClockConfig                0x08003838   Section        0  stm32f10x_tim.o(i.TIM_InternalClockConfig)
    i.TIM_OC3Init                            0x08003844   Section        0  stm32f10x_tim.o(i.TIM_OC3Init)
    i.TIM_OC4Init                            0x080038e4   Section        0  stm32f10x_tim.o(i.TIM_OC4Init)
    i.TIM_OCStructInit                       0x08003960   Section        0  stm32f10x_tim.o(i.TIM_OCStructInit)
    i.TIM_SetCompare3                        0x08003974   Section        0  stm32f10x_tim.o(i.TIM_SetCompare3)
    i.TIM_SetCounter                         0x08003978   Section        0  stm32f10x_tim.o(i.TIM_SetCounter)
    i.TIM_SetIC1Prescaler                    0x0800397c   Section        0  stm32f10x_tim.o(i.TIM_SetIC1Prescaler)
    i.TIM_SetIC2Prescaler                    0x0800398e   Section        0  stm32f10x_tim.o(i.TIM_SetIC2Prescaler)
    i.TIM_SetIC3Prescaler                    0x080039a8   Section        0  stm32f10x_tim.o(i.TIM_SetIC3Prescaler)
    i.TIM_SetIC4Prescaler                    0x080039ba   Section        0  stm32f10x_tim.o(i.TIM_SetIC4Prescaler)
    i.TIM_TimeBaseInit                       0x080039d4   Section        0  stm32f10x_tim.o(i.TIM_TimeBaseInit)
    i.Time_Init                              0x08003a78   Section        0  timer.o(i.Time_Init)
    i.USART1_IRQHandler                      0x08003af0   Section        0  serial.o(i.USART1_IRQHandler)
    i.USART_ClearITPendingBit                0x08003b68   Section        0  stm32f10x_usart.o(i.USART_ClearITPendingBit)
    i.USART_Cmd                              0x08003b86   Section        0  stm32f10x_usart.o(i.USART_Cmd)
    i.USART_GetFlagStatus                    0x08003b9e   Section        0  stm32f10x_usart.o(i.USART_GetFlagStatus)
    i.USART_GetITStatus                      0x08003bb8   Section        0  stm32f10x_usart.o(i.USART_GetITStatus)
    i.USART_ITConfig                         0x08003c0c   Section        0  stm32f10x_usart.o(i.USART_ITConfig)
    i.USART_Init                             0x08003c58   Section        0  stm32f10x_usart.o(i.USART_Init)
    i.USART_ReceiveData                      0x08003d30   Section        0  stm32f10x_usart.o(i.USART_ReceiveData)
    i.USART_SendData                         0x08003d3a   Section        0  stm32f10x_usart.o(i.USART_SendData)
    i.UsageFault_Handler                     0x08003d42   Section        0  stm32f10x_it.o(i.UsageFault_Handler)
    i.__ARM_fpclassify                       0x08003d46   Section        0  fpclassify.o(i.__ARM_fpclassify)
    i._is_digit                              0x08003d6e   Section        0  __printf_wp.o(i._is_digit)
    i.main                                   0x08003d7c   Section        0  main.o(i.main)
    locale$$code                             0x08003da0   Section       44  lc_numeric_c.o(locale$$code)
    locale$$code                             0x08003dcc   Section       44  lc_ctype_c.o(locale$$code)
    x$fpl$fadd                               0x08003df8   Section      196  faddsub_clz.o(x$fpl$fadd)
    _fadd1                                   0x08003e07   Thumb Code     0  faddsub_clz.o(x$fpl$fadd)
    x$fpl$fcmpinf                            0x08003ebc   Section       24  fcmpi.o(x$fpl$fcmpinf)
    x$fpl$ffix                               0x08003ed4   Section       54  ffix.o(x$fpl$ffix)
    x$fpl$fflt                               0x08003f0c   Section       48  fflt_clz.o(x$fpl$fflt)
    x$fpl$fleqf                              0x08003f3c   Section      104  fleqf.o(x$fpl$fleqf)
    x$fpl$fmul                               0x08003fa4   Section      258  fmul.o(x$fpl$fmul)
    x$fpl$fnaninf                            0x080040a6   Section      140  fnaninf.o(x$fpl$fnaninf)
    x$fpl$fretinf                            0x08004132   Section       10  fretinf.o(x$fpl$fretinf)
    x$fpl$frleqf                             0x0800413c   Section       98  frleqf.o(x$fpl$frleqf)
    x$fpl$frsb                               0x0800419e   Section       20  faddsub_clz.o(x$fpl$frsb)
    x$fpl$fsub                               0x080041b4   Section      234  faddsub_clz.o(x$fpl$fsub)
    _fsub1                                   0x080041c3   Thumb Code     0  faddsub_clz.o(x$fpl$fsub)
    x$fpl$printf1                            0x0800429e   Section        4  printf1.o(x$fpl$printf1)
    x$fpl$printf2                            0x080042a2   Section        4  printf2.o(x$fpl$printf2)
    .constdata                               0x080042a6   Section     1520  oled.o(.constdata)
    x$fpl$usenofp                            0x080042a6   Section        0  usenofp.o(x$fpl$usenofp)
    .constdata                               0x08004898   Section        8  _printf_wctomb.o(.constdata)
    initial_mbstate                          0x08004898   Data           8  _printf_wctomb.o(.constdata)
    .constdata                               0x080048a0   Section       40  _printf_hex_int_ll_ptr.o(.constdata)
    uc_hextab                                0x080048a0   Data          20  _printf_hex_int_ll_ptr.o(.constdata)
    lc_hextab                                0x080048b4   Data          20  _printf_hex_int_ll_ptr.o(.constdata)
    .constdata                               0x080048c8   Section       17  __printf_flags_ss_wp.o(.constdata)
    maptable                                 0x080048c8   Data          17  __printf_flags_ss_wp.o(.constdata)
    .constdata                               0x080048d9   Section       38  _printf_fp_hex.o(.constdata)
    lc_hextab                                0x080048d9   Data          19  _printf_fp_hex.o(.constdata)
    uc_hextab                                0x080048ec   Data          19  _printf_fp_hex.o(.constdata)
    .constdata                               0x08004900   Section      148  bigflt0.o(.constdata)
    tenpwrs_x                                0x08004900   Data          60  bigflt0.o(.constdata)
    tenpwrs_i                                0x0800493c   Data          64  bigflt0.o(.constdata)
    locale$$data                             0x080049b4   Section       28  lc_numeric_c.o(locale$$data)
    __lcnum_c_name                           0x080049b8   Data           2  lc_numeric_c.o(locale$$data)
    __lcnum_c_start                          0x080049c0   Data           0  lc_numeric_c.o(locale$$data)
    __lcnum_c_point                          0x080049cc   Data           0  lc_numeric_c.o(locale$$data)
    __lcnum_c_thousands                      0x080049ce   Data           0  lc_numeric_c.o(locale$$data)
    __lcnum_c_grouping                       0x080049cf   Data           0  lc_numeric_c.o(locale$$data)
    locale$$data                             0x080049d0   Section      272  lc_ctype_c.o(locale$$data)
    __lcnum_c_end                            0x080049d0   Data           0  lc_numeric_c.o(locale$$data)
    __lcctype_c_name                         0x080049d4   Data           2  lc_ctype_c.o(locale$$data)
    __lcctype_c_start                        0x080049dc   Data           0  lc_ctype_c.o(locale$$data)
    __lcctype_c_end                          0x08004ae0   Data           0  lc_ctype_c.o(locale$$data)
    .data                                    0x20000000   Section       20  stm32f10x_rcc.o(.data)
    APBAHBPrescTable                         0x20000000   Data          16  stm32f10x_rcc.o(.data)
    ADCPrescTable                            0x20000010   Data           4  stm32f10x_rcc.o(.data)
    .data                                    0x20000014   Section        5  key.o(.data)
    KeyNum                                   0x20000014   Data           1  key.o(.data)
    Time_Key                                 0x20000015   Data           1  key.o(.data)
    KeySpeed                                 0x20000016   Data           2  key.o(.data)
    Time_Key                                 0x20000018   Data           1  key.o(.data)
    .data                                    0x20000019   Section        3  serial.o(.data)
    RxState                                  0x2000001a   Data           1  serial.o(.data)
    pRxPacket                                0x2000001b   Data           1  serial.o(.data)
    .data                                    0x2000001c   Section        2  sensor.o(.data)
    Route_Flag                               0x2000001c   Data           1  sensor.o(.data)
    Flag_Time                                0x2000001d   Data           1  sensor.o(.data)
    .data                                    0x20000020   Section      348  pid.o(.data)
    Location1_Target                         0x20000020   Data           2  pid.o(.data)
    kp                                       0x20000024   Data           4  pid.o(.data)
    ki                                       0x20000028   Data           4  pid.o(.data)
    kd                                       0x2000002c   Data           4  pid.o(.data)
    error0                                   0x20000030   Data           4  pid.o(.data)
    error1                                   0x20000034   Data           4  pid.o(.data)
    error2                                   0x20000038   Data           4  pid.o(.data)
    errorInt                                 0x2000003c   Data           4  pid.o(.data)
    Out1                                     0x20000040   Data           4  pid.o(.data)
    kp_loc                                   0x20000044   Data           4  pid.o(.data)
    ki_loc                                   0x20000048   Data           4  pid.o(.data)
    kd_loc                                   0x2000004c   Data           4  pid.o(.data)
    error0_loc                               0x20000050   Data           4  pid.o(.data)
    error1_loc                               0x20000054   Data           4  pid.o(.data)
    error2_loc                               0x20000058   Data           4  pid.o(.data)
    errorInt_loc                             0x2000005c   Data           4  pid.o(.data)
    Out2                                     0x20000060   Data           4  pid.o(.data)
    Location2_Actually                       0x20000064   Data           2  pid.o(.data)
    Location1_Target                         0x20000066   Data           2  pid.o(.data)
    kp                                       0x20000068   Data           4  pid.o(.data)
    ki                                       0x2000006c   Data           4  pid.o(.data)
    kd                                       0x20000070   Data           4  pid.o(.data)
    error0                                   0x20000074   Data           4  pid.o(.data)
    error1                                   0x20000078   Data           4  pid.o(.data)
    error2                                   0x2000007c   Data           4  pid.o(.data)
    errorInt                                 0x20000080   Data           4  pid.o(.data)
    Out1                                     0x20000084   Data           4  pid.o(.data)
    kp_loc                                   0x20000088   Data           4  pid.o(.data)
    ki_loc                                   0x2000008c   Data           4  pid.o(.data)
    kd_loc                                   0x20000090   Data           4  pid.o(.data)
    error0_loc                               0x20000094   Data           4  pid.o(.data)
    error1_loc                               0x20000098   Data           4  pid.o(.data)
    error2_loc                               0x2000009c   Data           4  pid.o(.data)
    errorInt_loc                             0x200000a0   Data           4  pid.o(.data)
    Out2                                     0x200000a4   Data           4  pid.o(.data)
    Location2_Actually                       0x200000a8   Data           2  pid.o(.data)
    kp_loc                                   0x200000ac   Data           4  pid.o(.data)
    ki_loc                                   0x200000b0   Data           4  pid.o(.data)
    kd_loc                                   0x200000b4   Data           4  pid.o(.data)
    error0_loc                               0x200000b8   Data           4  pid.o(.data)
    error1_loc                               0x200000bc   Data           4  pid.o(.data)
    error2_loc                               0x200000c0   Data           4  pid.o(.data)
    errorInt_loc                             0x200000c4   Data           4  pid.o(.data)
    Out2                                     0x200000c8   Data           4  pid.o(.data)
    Location2_Actually                       0x200000cc   Data           2  pid.o(.data)
    Location1_Target                         0x200000ce   Data           2  pid.o(.data)
    kp                                       0x200000d0   Data           4  pid.o(.data)
    ki                                       0x200000d4   Data           4  pid.o(.data)
    kd                                       0x200000d8   Data           4  pid.o(.data)
    error0                                   0x200000dc   Data           4  pid.o(.data)
    error1                                   0x200000e0   Data           4  pid.o(.data)
    error2                                   0x200000e4   Data           4  pid.o(.data)
    errorInt                                 0x200000e8   Data           4  pid.o(.data)
    Out1                                     0x200000ec   Data           4  pid.o(.data)
    Location1_Target                         0x200000f0   Data           2  pid.o(.data)
    kp                                       0x200000f4   Data           4  pid.o(.data)
    ki                                       0x200000f8   Data           4  pid.o(.data)
    kd                                       0x200000fc   Data           4  pid.o(.data)
    error0                                   0x20000100   Data           4  pid.o(.data)
    error1                                   0x20000104   Data           4  pid.o(.data)
    error2                                   0x20000108   Data           4  pid.o(.data)
    errorInt                                 0x2000010c   Data           4  pid.o(.data)
    Out1                                     0x20000110   Data           4  pid.o(.data)
    kp_loc                                   0x20000114   Data           4  pid.o(.data)
    ki_loc                                   0x20000118   Data           4  pid.o(.data)
    kd_loc                                   0x2000011c   Data           4  pid.o(.data)
    error0_loc                               0x20000120   Data           4  pid.o(.data)
    error1_loc                               0x20000124   Data           4  pid.o(.data)
    error2_loc                               0x20000128   Data           4  pid.o(.data)
    errorInt_loc                             0x2000012c   Data           4  pid.o(.data)
    Out2                                     0x20000130   Data           4  pid.o(.data)
    Location2_Actually                       0x20000134   Data           2  pid.o(.data)
    kp_loc                                   0x20000138   Data           4  pid.o(.data)
    ki_loc                                   0x2000013c   Data           4  pid.o(.data)
    kd_loc                                   0x20000140   Data           4  pid.o(.data)
    error0_loc                               0x20000144   Data           4  pid.o(.data)
    error1_loc                               0x20000148   Data           4  pid.o(.data)
    error2_loc                               0x2000014c   Data           4  pid.o(.data)
    errorInt_loc                             0x20000150   Data           4  pid.o(.data)
    Out2                                     0x20000154   Data           4  pid.o(.data)
    Location2_Actually                       0x20000158   Data           2  pid.o(.data)
    Location1_Target                         0x2000015a   Data           2  pid.o(.data)
    kp                                       0x2000015c   Data           4  pid.o(.data)
    ki                                       0x20000160   Data           4  pid.o(.data)
    kd                                       0x20000164   Data           4  pid.o(.data)
    error0                                   0x20000168   Data           4  pid.o(.data)
    error1                                   0x2000016c   Data           4  pid.o(.data)
    error2                                   0x20000170   Data           4  pid.o(.data)
    errorInt                                 0x20000174   Data           4  pid.o(.data)
    Out1                                     0x20000178   Data           4  pid.o(.data)
    .data                                    0x2000017c   Section       12  main.o(.data)
    cnt                                      0x20000186   Data           2  main.o(.data)
    .bss                                     0x20000188   Section      100  serial.o(.bss)
    .bss                                     0x200001ec   Section       96  libspace.o(.bss)
    HEAP                                     0x20000250   Section      512  startup_stm32f10x_md.o(HEAP)
    Heap_Mem                                 0x20000250   Data         512  startup_stm32f10x_md.o(HEAP)
    STACK                                    0x20000450   Section     1024  startup_stm32f10x_md.o(STACK)
    Stack_Mem                                0x20000450   Data        1024  startup_stm32f10x_md.o(STACK)
    __initial_sp                             0x20000850   Data           0  startup_stm32f10x_md.o(STACK)

    Global Symbols

    Symbol Name                              Value     Ov Type        Size  Object(Section)

    BuildAttributes$$THM_ISAv4$P$D$K$B$S$PE$A:L22UL41UL21$X:L11$S22US41US21$IEEE1$IW$USESV6$~STKCKD$USESV7$~SHL$OTIME$ROPI$IEEEJ$EBA8$UX$STANDARDLIB$REQ8$PRES8$EABIv2 0x00000000   Number         0  anon$$obj.o ABSOLUTE
    __ARM_use_no_argv                        0x00000000   Number         0  main.o ABSOLUTE
    _printf_flags                            0x00000000   Number         0  printf_stubs.o ABSOLUTE
    _printf_return_value                     0x00000000   Number         0  printf_stubs.o ABSOLUTE
    _printf_sizespec                         0x00000000   Number         0  printf_stubs.o ABSOLUTE
    _printf_widthprec                        0x00000000   Number         0  printf_stubs.o ABSOLUTE
    __ARM_exceptions_init                     - Undefined Weak Reference
    __alloca_initialize                       - Undefined Weak Reference
    __arm_preinit_                            - Undefined Weak Reference
    __cpp_initialize__aeabi_                  - Undefined Weak Reference
    __cxa_finalize                            - Undefined Weak Reference
    __sigvec_lookup                           - Undefined Weak Reference
    _atexit_init                              - Undefined Weak Reference
    _call_atexit_fns                          - Undefined Weak Reference
    _clock_init                               - Undefined Weak Reference
    _fp_trap_init                             - Undefined Weak Reference
    _fp_trap_shutdown                         - Undefined Weak Reference
    _get_lc_collate                           - Undefined Weak Reference
    _get_lc_monetary                          - Undefined Weak Reference
    _get_lc_time                              - Undefined Weak Reference
    _getenv_init                              - Undefined Weak Reference
    _handle_redirection                       - Undefined Weak Reference
    _init_alloc                               - Undefined Weak Reference
    _init_user_alloc                          - Undefined Weak Reference
    _initio                                   - Undefined Weak Reference
    _printf_mbtowc                            - Undefined Weak Reference
    _printf_wc                                - Undefined Weak Reference
    _rand_init                                - Undefined Weak Reference
    _signal_finish                            - Undefined Weak Reference
    _signal_init                              - Undefined Weak Reference
    _terminate_alloc                          - Undefined Weak Reference
    _terminate_user_alloc                     - Undefined Weak Reference
    _terminateio                              - Undefined Weak Reference
    __Vectors_Size                           0x000000ec   Number         0  startup_stm32f10x_md.o ABSOLUTE
    __Vectors                                0x08000000   Data           4  startup_stm32f10x_md.o(RESET)
    __Vectors_End                            0x080000ec   Data           0  startup_stm32f10x_md.o(RESET)
    __main                                   0x080000ed   Thumb Code     8  __main.o(!!!main)
    __scatterload                            0x080000f5   Thumb Code     0  __scatter.o(!!!scatter)
    __scatterload_rt2                        0x080000f5   Thumb Code    44  __scatter.o(!!!scatter)
    __scatterload_rt2_thumb_only             0x080000f5   Thumb Code     0  __scatter.o(!!!scatter)
    __scatterload_null                       0x08000103   Thumb Code     0  __scatter.o(!!!scatter)
    __decompress                             0x08000129   Thumb Code    90  __dczerorl2.o(!!dczerorl2)
    __decompress1                            0x08000129   Thumb Code     0  __dczerorl2.o(!!dczerorl2)
    __scatterload_zeroinit                   0x08000185   Thumb Code    28  __scatter_zi.o(!!handler_zi)
    _printf_n                                0x080001a1   Thumb Code     0  _printf_n.o(.ARM.Collect$$_printf_percent$$00000001)
    _printf_percent                          0x080001a1   Thumb Code     0  _printf_percent.o(.ARM.Collect$$_printf_percent$$00000000)
    _printf_p                                0x080001a7   Thumb Code     0  _printf_p.o(.ARM.Collect$$_printf_percent$$00000002)
    _printf_f                                0x080001ad   Thumb Code     0  _printf_f.o(.ARM.Collect$$_printf_percent$$00000003)
    _printf_e                                0x080001b3   Thumb Code     0  _printf_e.o(.ARM.Collect$$_printf_percent$$00000004)
    _printf_g                                0x080001b9   Thumb Code     0  _printf_g.o(.ARM.Collect$$_printf_percent$$00000005)
    _printf_a                                0x080001bf   Thumb Code     0  _printf_a.o(.ARM.Collect$$_printf_percent$$00000006)
    _printf_ll                               0x080001c5   Thumb Code     0  _printf_ll.o(.ARM.Collect$$_printf_percent$$00000007)
    _printf_i                                0x080001cf   Thumb Code     0  _printf_i.o(.ARM.Collect$$_printf_percent$$00000008)
    _printf_d                                0x080001d5   Thumb Code     0  _printf_d.o(.ARM.Collect$$_printf_percent$$00000009)
    _printf_u                                0x080001db   Thumb Code     0  _printf_u.o(.ARM.Collect$$_printf_percent$$0000000A)
    _printf_o                                0x080001e1   Thumb Code     0  _printf_o.o(.ARM.Collect$$_printf_percent$$0000000B)
    _printf_x                                0x080001e7   Thumb Code     0  _printf_x.o(.ARM.Collect$$_printf_percent$$0000000C)
    _printf_lli                              0x080001ed   Thumb Code     0  _printf_lli.o(.ARM.Collect$$_printf_percent$$0000000D)
    _printf_lld                              0x080001f3   Thumb Code     0  _printf_lld.o(.ARM.Collect$$_printf_percent$$0000000E)
    _printf_llu                              0x080001f9   Thumb Code     0  _printf_llu.o(.ARM.Collect$$_printf_percent$$0000000F)
    _printf_llo                              0x080001ff   Thumb Code     0  _printf_llo.o(.ARM.Collect$$_printf_percent$$00000010)
    _printf_llx                              0x08000205   Thumb Code     0  _printf_llx.o(.ARM.Collect$$_printf_percent$$00000011)
    _printf_l                                0x0800020b   Thumb Code     0  _printf_l.o(.ARM.Collect$$_printf_percent$$00000012)
    _printf_c                                0x08000215   Thumb Code     0  _printf_c.o(.ARM.Collect$$_printf_percent$$00000013)
    _printf_s                                0x0800021b   Thumb Code     0  _printf_s.o(.ARM.Collect$$_printf_percent$$00000014)
    _printf_lc                               0x08000221   Thumb Code     0  _printf_lc.o(.ARM.Collect$$_printf_percent$$00000015)
    _printf_ls                               0x08000227   Thumb Code     0  _printf_ls.o(.ARM.Collect$$_printf_percent$$00000016)
    _printf_percent_end                      0x0800022d   Thumb Code     0  _printf_percent_end.o(.ARM.Collect$$_printf_percent$$00000017)
    __rt_lib_init                            0x08000231   Thumb Code     0  libinit.o(.ARM.Collect$$libinit$$00000000)
    __rt_lib_init_fp_1                       0x08000233   Thumb Code     0  libinit2.o(.ARM.Collect$$libinit$$00000002)
    __rt_lib_init_heap_1                     0x08000233   Thumb Code     0  libinit2.o(.ARM.Collect$$libinit$$0000000A)
    __rt_lib_init_lc_common                  0x08000233   Thumb Code     0  libinit2.o(.ARM.Collect$$libinit$$0000000F)
    __rt_lib_init_preinit_1                  0x08000233   Thumb Code     0  libinit2.o(.ARM.Collect$$libinit$$00000004)
    __rt_lib_init_rand_1                     0x08000233   Thumb Code     0  libinit2.o(.ARM.Collect$$libinit$$0000000E)
    __rt_lib_init_user_alloc_1               0x08000233   Thumb Code     0  libinit2.o(.ARM.Collect$$libinit$$0000000C)
    __rt_lib_init_lc_collate_1               0x08000239   Thumb Code     0  libinit2.o(.ARM.Collect$$libinit$$00000011)
    __rt_lib_init_lc_ctype_2                 0x08000239   Thumb Code     0  libinit2.o(.ARM.Collect$$libinit$$00000012)
    __rt_lib_init_lc_ctype_1                 0x08000245   Thumb Code     0  libinit2.o(.ARM.Collect$$libinit$$00000013)
    __rt_lib_init_lc_monetary_1              0x08000245   Thumb Code     0  libinit2.o(.ARM.Collect$$libinit$$00000015)
    __rt_lib_init_lc_numeric_2               0x08000245   Thumb Code     0  libinit2.o(.ARM.Collect$$libinit$$00000016)
    __rt_lib_init_alloca_1                   0x0800024f   Thumb Code     0  libinit2.o(.ARM.Collect$$libinit$$0000002E)
    __rt_lib_init_argv_1                     0x0800024f   Thumb Code     0  libinit2.o(.ARM.Collect$$libinit$$0000002C)
    __rt_lib_init_atexit_1                   0x0800024f   Thumb Code     0  libinit2.o(.ARM.Collect$$libinit$$0000001B)
    __rt_lib_init_clock_1                    0x0800024f   Thumb Code     0  libinit2.o(.ARM.Collect$$libinit$$00000021)
    __rt_lib_init_cpp_1                      0x0800024f   Thumb Code     0  libinit2.o(.ARM.Collect$$libinit$$00000032)
    __rt_lib_init_exceptions_1               0x0800024f   Thumb Code     0  libinit2.o(.ARM.Collect$$libinit$$00000030)
    __rt_lib_init_fp_trap_1                  0x0800024f   Thumb Code     0  libinit2.o(.ARM.Collect$$libinit$$0000001F)
    __rt_lib_init_getenv_1                   0x0800024f   Thumb Code     0  libinit2.o(.ARM.Collect$$libinit$$00000023)
    __rt_lib_init_lc_numeric_1               0x0800024f   Thumb Code     0  libinit2.o(.ARM.Collect$$libinit$$00000017)
    __rt_lib_init_lc_time_1                  0x0800024f   Thumb Code     0  libinit2.o(.ARM.Collect$$libinit$$00000019)
    __rt_lib_init_return                     0x0800024f   Thumb Code     0  libinit2.o(.ARM.Collect$$libinit$$00000033)
    __rt_lib_init_signal_1                   0x0800024f   Thumb Code     0  libinit2.o(.ARM.Collect$$libinit$$0000001D)
    __rt_lib_init_stdio_1                    0x0800024f   Thumb Code     0  libinit2.o(.ARM.Collect$$libinit$$00000025)
    __rt_lib_shutdown                        0x08000251   Thumb Code     0  libshutdown.o(.ARM.Collect$$libshutdown$$00000000)
    __rt_lib_shutdown_cpp_1                  0x08000253   Thumb Code     0  libshutdown2.o(.ARM.Collect$$libshutdown$$00000002)
    __rt_lib_shutdown_fp_trap_1              0x08000253   Thumb Code     0  libshutdown2.o(.ARM.Collect$$libshutdown$$00000007)
    __rt_lib_shutdown_heap_1                 0x08000253   Thumb Code     0  libshutdown2.o(.ARM.Collect$$libshutdown$$0000000F)
    __rt_lib_shutdown_return                 0x08000253   Thumb Code     0  libshutdown2.o(.ARM.Collect$$libshutdown$$00000010)
    __rt_lib_shutdown_signal_1               0x08000253   Thumb Code     0  libshutdown2.o(.ARM.Collect$$libshutdown$$0000000A)
    __rt_lib_shutdown_stdio_1                0x08000253   Thumb Code     0  libshutdown2.o(.ARM.Collect$$libshutdown$$00000004)
    __rt_lib_shutdown_user_alloc_1           0x08000253   Thumb Code     0  libshutdown2.o(.ARM.Collect$$libshutdown$$0000000C)
    __rt_entry                               0x08000255   Thumb Code     0  __rtentry.o(.ARM.Collect$$rtentry$$00000000)
    __rt_entry_presh_1                       0x08000255   Thumb Code     0  __rtentry2.o(.ARM.Collect$$rtentry$$00000002)
    __rt_entry_sh                            0x08000255   Thumb Code     0  __rtentry4.o(.ARM.Collect$$rtentry$$00000004)
    __rt_entry_li                            0x0800025b   Thumb Code     0  __rtentry2.o(.ARM.Collect$$rtentry$$0000000A)
    __rt_entry_postsh_1                      0x0800025b   Thumb Code     0  __rtentry2.o(.ARM.Collect$$rtentry$$00000009)
    __rt_entry_main                          0x0800025f   Thumb Code     0  __rtentry2.o(.ARM.Collect$$rtentry$$0000000D)
    __rt_entry_postli_1                      0x0800025f   Thumb Code     0  __rtentry2.o(.ARM.Collect$$rtentry$$0000000C)
    __rt_exit                                0x08000267   Thumb Code     0  rtexit.o(.ARM.Collect$$rtexit$$00000000)
    __rt_exit_ls                             0x08000269   Thumb Code     0  rtexit2.o(.ARM.Collect$$rtexit$$00000003)
    __rt_exit_prels_1                        0x08000269   Thumb Code     0  rtexit2.o(.ARM.Collect$$rtexit$$00000002)
    __rt_exit_exit                           0x0800026d   Thumb Code     0  rtexit2.o(.ARM.Collect$$rtexit$$00000004)
    Reset_Handler                            0x08000275   Thumb Code     8  startup_stm32f10x_md.o(.text)
    ADC1_2_IRQHandler                        0x0800028f   Thumb Code     0  startup_stm32f10x_md.o(.text)
    CAN1_RX1_IRQHandler                      0x0800028f   Thumb Code     0  startup_stm32f10x_md.o(.text)
    CAN1_SCE_IRQHandler                      0x0800028f   Thumb Code     0  startup_stm32f10x_md.o(.text)
    DMA1_Channel1_IRQHandler                 0x0800028f   Thumb Code     0  startup_stm32f10x_md.o(.text)
    DMA1_Channel2_IRQHandler                 0x0800028f   Thumb Code     0  startup_stm32f10x_md.o(.text)
    DMA1_Channel3_IRQHandler                 0x0800028f   Thumb Code     0  startup_stm32f10x_md.o(.text)
    DMA1_Channel4_IRQHandler                 0x0800028f   Thumb Code     0  startup_stm32f10x_md.o(.text)
    DMA1_Channel5_IRQHandler                 0x0800028f   Thumb Code     0  startup_stm32f10x_md.o(.text)
    DMA1_Channel6_IRQHandler                 0x0800028f   Thumb Code     0  startup_stm32f10x_md.o(.text)
    DMA1_Channel7_IRQHandler                 0x0800028f   Thumb Code     0  startup_stm32f10x_md.o(.text)
    EXTI0_IRQHandler                         0x0800028f   Thumb Code     0  startup_stm32f10x_md.o(.text)
    EXTI15_10_IRQHandler                     0x0800028f   Thumb Code     0  startup_stm32f10x_md.o(.text)
    EXTI1_IRQHandler                         0x0800028f   Thumb Code     0  startup_stm32f10x_md.o(.text)
    EXTI2_IRQHandler                         0x0800028f   Thumb Code     0  startup_stm32f10x_md.o(.text)
    EXTI3_IRQHandler                         0x0800028f   Thumb Code     0  startup_stm32f10x_md.o(.text)
    EXTI4_IRQHandler                         0x0800028f   Thumb Code     0  startup_stm32f10x_md.o(.text)
    EXTI9_5_IRQHandler                       0x0800028f   Thumb Code     0  startup_stm32f10x_md.o(.text)
    FLASH_IRQHandler                         0x0800028f   Thumb Code     0  startup_stm32f10x_md.o(.text)
    I2C1_ER_IRQHandler                       0x0800028f   Thumb Code     0  startup_stm32f10x_md.o(.text)
    I2C1_EV_IRQHandler                       0x0800028f   Thumb Code     0  startup_stm32f10x_md.o(.text)
    I2C2_ER_IRQHandler                       0x0800028f   Thumb Code     0  startup_stm32f10x_md.o(.text)
    I2C2_EV_IRQHandler                       0x0800028f   Thumb Code     0  startup_stm32f10x_md.o(.text)
    PVD_IRQHandler                           0x0800028f   Thumb Code     0  startup_stm32f10x_md.o(.text)
    RCC_IRQHandler                           0x0800028f   Thumb Code     0  startup_stm32f10x_md.o(.text)
    RTCAlarm_IRQHandler                      0x0800028f   Thumb Code     0  startup_stm32f10x_md.o(.text)
    RTC_IRQHandler                           0x0800028f   Thumb Code     0  startup_stm32f10x_md.o(.text)
    SPI1_IRQHandler                          0x0800028f   Thumb Code     0  startup_stm32f10x_md.o(.text)
    SPI2_IRQHandler                          0x0800028f   Thumb Code     0  startup_stm32f10x_md.o(.text)
    TAMPER_IRQHandler                        0x0800028f   Thumb Code     0  startup_stm32f10x_md.o(.text)
    TIM1_BRK_IRQHandler                      0x0800028f   Thumb Code     0  startup_stm32f10x_md.o(.text)
    TIM1_CC_IRQHandler                       0x0800028f   Thumb Code     0  startup_stm32f10x_md.o(.text)
    TIM1_TRG_COM_IRQHandler                  0x0800028f   Thumb Code     0  startup_stm32f10x_md.o(.text)
    TIM1_UP_IRQHandler                       0x0800028f   Thumb Code     0  startup_stm32f10x_md.o(.text)
    TIM3_IRQHandler                          0x0800028f   Thumb Code     0  startup_stm32f10x_md.o(.text)
    TIM4_IRQHandler                          0x0800028f   Thumb Code     0  startup_stm32f10x_md.o(.text)
    USART2_IRQHandler                        0x0800028f   Thumb Code     0  startup_stm32f10x_md.o(.text)
    USART3_IRQHandler                        0x0800028f   Thumb Code     0  startup_stm32f10x_md.o(.text)
    USBWakeUp_IRQHandler                     0x0800028f   Thumb Code     0  startup_stm32f10x_md.o(.text)
    USB_HP_CAN1_TX_IRQHandler                0x0800028f   Thumb Code     0  startup_stm32f10x_md.o(.text)
    USB_LP_CAN1_RX0_IRQHandler               0x0800028f   Thumb Code     0  startup_stm32f10x_md.o(.text)
    WWDG_IRQHandler                          0x0800028f   Thumb Code     0  startup_stm32f10x_md.o(.text)
    __user_initial_stackheap                 0x08000291   Thumb Code     0  startup_stm32f10x_md.o(.text)
    vsprintf                                 0x080002b5   Thumb Code    32  vsprintf.o(.text)
    __use_two_region_memory                  0x080002d9   Thumb Code     2  heapauxi.o(.text)
    __rt_heap_escrow$2region                 0x080002db   Thumb Code     2  heapauxi.o(.text)
    __rt_heap_expand$2region                 0x080002dd   Thumb Code     2  heapauxi.o(.text)
    _printf_pre_padding                      0x080002df   Thumb Code    44  _printf_pad.o(.text)
    _printf_post_padding                     0x0800030b   Thumb Code    34  _printf_pad.o(.text)
    _printf_truncate_signed                  0x0800032d   Thumb Code    18  _printf_truncate.o(.text)
    _printf_truncate_unsigned                0x0800033f   Thumb Code    18  _printf_truncate.o(.text)
    _printf_str                              0x08000351   Thumb Code    82  _printf_str.o(.text)
    _printf_int_dec                          0x080003a5   Thumb Code   104  _printf_dec.o(.text)
    _printf_charcount                        0x0800041d   Thumb Code    40  _printf_charcount.o(.text)
    _printf_char_common                      0x0800044f   Thumb Code    32  _printf_char_common.o(.text)
    _sputc                                   0x08000475   Thumb Code    10  _sputc.o(.text)
    _printf_wctomb                           0x08000481   Thumb Code   182  _printf_wctomb.o(.text)
    _printf_longlong_dec                     0x0800053d   Thumb Code   108  _printf_longlong_dec.o(.text)
    _printf_longlong_oct                     0x080005b9   Thumb Code    66  _printf_oct_int_ll.o(.text)
    _printf_int_oct                          0x080005fb   Thumb Code    24  _printf_oct_int_ll.o(.text)
    _printf_ll_oct                           0x08000613   Thumb Code    12  _printf_oct_int_ll.o(.text)
    _printf_longlong_hex                     0x08000629   Thumb Code    86  _printf_hex_int_ll_ptr.o(.text)
    _printf_int_hex                          0x0800067f   Thumb Code    28  _printf_hex_int_ll_ptr.o(.text)
    _printf_ll_hex                           0x0800069b   Thumb Code    12  _printf_hex_int_ll_ptr.o(.text)
    _printf_hex_ptr                          0x080006a7   Thumb Code    18  _printf_hex_int_ll_ptr.o(.text)
    __printf                                 0x080006bd   Thumb Code   388  __printf_flags_ss_wp.o(.text)
    _ll_udiv10                               0x08000845   Thumb Code   138  lludiv10.o(.text)
    _printf_int_common                       0x080008cf   Thumb Code   178  _printf_intcommon.o(.text)
    __lib_sel_fp_printf                      0x08000981   Thumb Code     2  _printf_fp_dec.o(.text)
    _printf_fp_dec_real                      0x08000b33   Thumb Code   620  _printf_fp_dec.o(.text)
    _printf_fp_hex_real                      0x08000da1   Thumb Code   756  _printf_fp_hex.o(.text)
    _printf_cs_common                        0x0800109d   Thumb Code    20  _printf_char.o(.text)
    _printf_char                             0x080010b1   Thumb Code    16  _printf_char.o(.text)
    _printf_string                           0x080010c1   Thumb Code     8  _printf_char.o(.text)
    _printf_lcs_common                       0x080010c9   Thumb Code    20  _printf_wchar.o(.text)
    _printf_wchar                            0x080010dd   Thumb Code    16  _printf_wchar.o(.text)
    _printf_wstring                          0x080010ed   Thumb Code     8  _printf_wchar.o(.text)
    _wcrtomb                                 0x080010f5   Thumb Code    64  _wcrtomb.o(.text)
    __user_setup_stackheap                   0x08001135   Thumb Code    74  sys_stackheap_outer.o(.text)
    __rt_ctype_table                         0x08001181   Thumb Code    16  rt_ctype_table.o(.text)
    __rt_locale                              0x08001191   Thumb Code     8  rt_locale_intlibspace.o(.text)
    _printf_fp_infnan                        0x08001199   Thumb Code   112  _printf_fp_infnan.o(.text)
    _btod_etento                             0x08001219   Thumb Code   224  bigflt0.o(.text)
    exit                                     0x080012fd   Thumb Code    18  exit.o(.text)
    __user_libspace                          0x08001311   Thumb Code     8  libspace.o(.text)
    __user_perproc_libspace                  0x08001311   Thumb Code     0  libspace.o(.text)
    __user_perthread_libspace                0x08001311   Thumb Code     0  libspace.o(.text)
    strcmp                                   0x08001319   Thumb Code   128  strcmpv7m.o(.text)
    _sys_exit                                0x08001399   Thumb Code     8  sys_exit.o(.text)
    __I$use$semihosting                      0x080013a5   Thumb Code     0  use_no_semi.o(.text)
    __use_no_semihosting_swi                 0x080013a5   Thumb Code     2  use_no_semi.o(.text)
    __semihosting_library_function           0x080013a7   Thumb Code     0  indicate_semi.o(.text)
    _btod_d2e                                0x080013a7   Thumb Code    62  btod.o(CL$$btod_d2e)
    _d2e_denorm_low                          0x080013e5   Thumb Code    70  btod.o(CL$$btod_d2e_denorm_low)
    _d2e_norm_op1                            0x0800142b   Thumb Code    96  btod.o(CL$$btod_d2e_norm_op1)
    __btod_div_common                        0x0800148b   Thumb Code   696  btod.o(CL$$btod_div_common)
    _e2e                                     0x080017c3   Thumb Code   220  btod.o(CL$$btod_e2e)
    _btod_ediv                               0x0800189f   Thumb Code    42  btod.o(CL$$btod_ediv)
    _btod_emul                               0x080018c9   Thumb Code    42  btod.o(CL$$btod_emul)
    __btod_mult_common                       0x080018f3   Thumb Code   580  btod.o(CL$$btod_mult_common)
    BusFault_Handler                         0x08001b37   Thumb Code     4  stm32f10x_it.o(i.BusFault_Handler)
    DebugMon_Handler                         0x08001b3b   Thumb Code     2  stm32f10x_it.o(i.DebugMon_Handler)
    Encoder_GetSpeed1                        0x08001b3d   Thumb Code    22  encoder.o(i.Encoder_GetSpeed1)
    Encoder_GetSpeed2                        0x08001b59   Thumb Code    22  encoder.o(i.Encoder_GetSpeed2)
    Encoder_Init                             0x08001b75   Thumb Code   308  encoder.o(i.Encoder_Init)
    GPIO_Init                                0x08001cb9   Thumb Code   278  stm32f10x_gpio.o(i.GPIO_Init)
    GPIO_ReadInputDataBit                    0x08001dcf   Thumb Code    18  stm32f10x_gpio.o(i.GPIO_ReadInputDataBit)
    GPIO_ResetBits                           0x08001de1   Thumb Code     4  stm32f10x_gpio.o(i.GPIO_ResetBits)
    GPIO_SetBits                             0x08001de5   Thumb Code     4  stm32f10x_gpio.o(i.GPIO_SetBits)
    GPIO_WriteBit                            0x08001de9   Thumb Code    10  stm32f10x_gpio.o(i.GPIO_WriteBit)
    HardFault_Handler                        0x08001df3   Thumb Code     4  stm32f10x_it.o(i.HardFault_Handler)
    Image_Control                            0x08001df9   Thumb Code   106  image.o(i.Image_Control)
    Key_GetNum                               0x08001eb9   Thumb Code    70  key.o(i.Key_GetNum)
    Key_Init                                 0x08001f0d   Thumb Code    38  key.o(i.Key_Init)
    Key_Speed                                0x08001f39   Thumb Code    76  key.o(i.Key_Speed)
    MemManage_Handler                        0x08001f91   Thumb Code     4  stm32f10x_it.o(i.MemManage_Handler)
    Moter_Init                               0x08001f95   Thumb Code    72  moter.o(i.Moter_Init)
    Moter_SetPower1                          0x08001fe1   Thumb Code    66  moter.o(i.Moter_SetPower1)
    NMI_Handler                              0x08002029   Thumb Code     2  stm32f10x_it.o(i.NMI_Handler)
    NVIC_Init                                0x0800202d   Thumb Code   100  misc.o(i.NVIC_Init)
    NVIC_PriorityGroupConfig                 0x0800209d   Thumb Code    10  misc.o(i.NVIC_PriorityGroupConfig)
    OLED_Clear                               0x080020b1   Thumb Code    42  oled.o(i.OLED_Clear)
    OLED_I2C_Init                            0x080020dd   Thumb Code    76  oled.o(i.OLED_I2C_Init)
    OLED_I2C_SendByte                        0x0800212d   Thumb Code    88  oled.o(i.OLED_I2C_SendByte)
    OLED_I2C_Start                           0x08002189   Thumb Code    48  oled.o(i.OLED_I2C_Start)
    OLED_I2C_Stop                            0x080021bd   Thumb Code    36  oled.o(i.OLED_I2C_Stop)
    OLED_Init                                0x080021e5   Thumb Code   174  oled.o(i.OLED_Init)
    OLED_Pow                                 0x08002293   Thumb Code    20  oled.o(i.OLED_Pow)
    OLED_SetCursor                           0x080022a7   Thumb Code    34  oled.o(i.OLED_SetCursor)
    OLED_ShowChar                            0x080022c9   Thumb Code   110  oled.o(i.OLED_ShowChar)
    OLED_ShowSignedNum                       0x0800233d   Thumb Code   102  oled.o(i.OLED_ShowSignedNum)
    OLED_ShowString                          0x080023a3   Thumb Code    40  oled.o(i.OLED_ShowString)
    OLED_WriteCommand                        0x080023cb   Thumb Code    32  oled.o(i.OLED_WriteCommand)
    OLED_WriteData                           0x080023eb   Thumb Code    32  oled.o(i.OLED_WriteData)
    PID_LeftSlight                           0x0800240d   Thumb Code   450  pid.o(i.PID_LeftSlight)
    PID_LeftStraight                         0x08002625   Thumb Code   450  pid.o(i.PID_LeftStraight)
    PID_RightSlight                          0x0800283d   Thumb Code   450  pid.o(i.PID_RightSlight)
    PID_RightStraight                        0x08002a55   Thumb Code   450  pid.o(i.PID_RightStraight)
    PID_Straight                             0x08002c6d   Thumb Code   470  pid.o(i.PID_Straight)
    PWM_Init                                 0x08002e99   Thumb Code   148  pwm.o(i.PWM_Init)
    PWM_SetCompare3                          0x08002f31   Thumb Code    16  pwm.o(i.PWM_SetCompare3)
    PendSV_Handler                           0x08002f41   Thumb Code     2  stm32f10x_it.o(i.PendSV_Handler)
    RCC_APB1PeriphClockCmd                   0x08002f45   Thumb Code    26  stm32f10x_rcc.o(i.RCC_APB1PeriphClockCmd)
    RCC_APB2PeriphClockCmd                   0x08002f65   Thumb Code    26  stm32f10x_rcc.o(i.RCC_APB2PeriphClockCmd)
    RCC_GetClocksFreq                        0x08002f85   Thumb Code   192  stm32f10x_rcc.o(i.RCC_GetClocksFreq)
    Route_Judge                              0x08003059   Thumb Code   152  sensor.o(i.Route_Judge)
    SVC_Handler                              0x08003101   Thumb Code     2  stm32f10x_it.o(i.SVC_Handler)
    Sensor_Init                              0x08003105   Thumb Code    58  sensor.o(i.Sensor_Init)
    Serial_Init                              0x08003149   Thumb Code   174  serial.o(i.Serial_Init)
    Serial_Printf                            0x08003201   Thumb Code    36  serial.o(i.Serial_Printf)
    Serial_SendByte                          0x08003225   Thumb Code    28  serial.o(i.Serial_SendByte)
    Serial_SendString                        0x08003245   Thumb Code    26  serial.o(i.Serial_SendString)
    SysTick_Handler                          0x08003349   Thumb Code     2  stm32f10x_it.o(i.SysTick_Handler)
    SystemInit                               0x0800334d   Thumb Code    78  system_stm32f10x.o(i.SystemInit)
    TIM2_IRQHandler                          0x080035ed   Thumb Code   206  main.o(i.TIM2_IRQHandler)
    TIM_ClearFlag                            0x080036d9   Thumb Code     6  stm32f10x_tim.o(i.TIM_ClearFlag)
    TIM_ClearITPendingBit                    0x080036df   Thumb Code     6  stm32f10x_tim.o(i.TIM_ClearITPendingBit)
    TIM_Cmd                                  0x080036e5   Thumb Code    24  stm32f10x_tim.o(i.TIM_Cmd)
    TIM_EncoderInterfaceConfig               0x080036fd   Thumb Code    66  stm32f10x_tim.o(i.TIM_EncoderInterfaceConfig)
    TIM_GetCounter                           0x0800373f   Thumb Code     6  stm32f10x_tim.o(i.TIM_GetCounter)
    TIM_GetITStatus                          0x08003745   Thumb Code    34  stm32f10x_tim.o(i.TIM_GetITStatus)
    TIM_ICInit                               0x08003769   Thumb Code   150  stm32f10x_tim.o(i.TIM_ICInit)
    TIM_ICStructInit                         0x08003815   Thumb Code    18  stm32f10x_tim.o(i.TIM_ICStructInit)
    TIM_ITConfig                             0x08003827   Thumb Code    18  stm32f10x_tim.o(i.TIM_ITConfig)
    TIM_InternalClockConfig                  0x08003839   Thumb Code    12  stm32f10x_tim.o(i.TIM_InternalClockConfig)
    TIM_OC3Init                              0x08003845   Thumb Code   150  stm32f10x_tim.o(i.TIM_OC3Init)
    TIM_OC4Init                              0x080038e5   Thumb Code   114  stm32f10x_tim.o(i.TIM_OC4Init)
    TIM_OCStructInit                         0x08003961   Thumb Code    20  stm32f10x_tim.o(i.TIM_OCStructInit)
    TIM_SetCompare3                          0x08003975   Thumb Code     4  stm32f10x_tim.o(i.TIM_SetCompare3)
    TIM_SetCounter                           0x08003979   Thumb Code     4  stm32f10x_tim.o(i.TIM_SetCounter)
    TIM_SetIC1Prescaler                      0x0800397d   Thumb Code    18  stm32f10x_tim.o(i.TIM_SetIC1Prescaler)
    TIM_SetIC2Prescaler                      0x0800398f   Thumb Code    26  stm32f10x_tim.o(i.TIM_SetIC2Prescaler)
    TIM_SetIC3Prescaler                      0x080039a9   Thumb Code    18  stm32f10x_tim.o(i.TIM_SetIC3Prescaler)
    TIM_SetIC4Prescaler                      0x080039bb   Thumb Code    26  stm32f10x_tim.o(i.TIM_SetIC4Prescaler)
    TIM_TimeBaseInit                         0x080039d5   Thumb Code   122  stm32f10x_tim.o(i.TIM_TimeBaseInit)
    Time_Init                                0x08003a79   Thumb Code   120  timer.o(i.Time_Init)
    USART1_IRQHandler                        0x08003af1   Thumb Code   104  serial.o(i.USART1_IRQHandler)
    USART_ClearITPendingBit                  0x08003b69   Thumb Code    30  stm32f10x_usart.o(i.USART_ClearITPendingBit)
    USART_Cmd                                0x08003b87   Thumb Code    24  stm32f10x_usart.o(i.USART_Cmd)
    USART_GetFlagStatus                      0x08003b9f   Thumb Code    26  stm32f10x_usart.o(i.USART_GetFlagStatus)
    USART_GetITStatus                        0x08003bb9   Thumb Code    84  stm32f10x_usart.o(i.USART_GetITStatus)
    USART_ITConfig                           0x08003c0d   Thumb Code    74  stm32f10x_usart.o(i.USART_ITConfig)
    USART_Init                               0x08003c59   Thumb Code   210  stm32f10x_usart.o(i.USART_Init)
    USART_ReceiveData                        0x08003d31   Thumb Code    10  stm32f10x_usart.o(i.USART_ReceiveData)
    USART_SendData                           0x08003d3b   Thumb Code     8  stm32f10x_usart.o(i.USART_SendData)
    UsageFault_Handler                       0x08003d43   Thumb Code     4  stm32f10x_it.o(i.UsageFault_Handler)
    __ARM_fpclassify                         0x08003d47   Thumb Code    40  fpclassify.o(i.__ARM_fpclassify)
    _is_digit                                0x08003d6f   Thumb Code    14  __printf_wp.o(i._is_digit)
    main                                     0x08003d7d   Thumb Code    36  main.o(i.main)
    _get_lc_numeric                          0x08003da1   Thumb Code    44  lc_numeric_c.o(locale$$code)
    _get_lc_ctype                            0x08003dcd   Thumb Code    44  lc_ctype_c.o(locale$$code)
    __aeabi_fadd                             0x08003df9   Thumb Code     0  faddsub_clz.o(x$fpl$fadd)
    _fadd                                    0x08003df9   Thumb Code   196  faddsub_clz.o(x$fpl$fadd)
    __fpl_fcmp_Inf                           0x08003ebd   Thumb Code    24  fcmpi.o(x$fpl$fcmpinf)
    __aeabi_f2iz                             0x08003ed5   Thumb Code     0  ffix.o(x$fpl$ffix)
    _ffix                                    0x08003ed5   Thumb Code    54  ffix.o(x$fpl$ffix)
    __aeabi_i2f                              0x08003f0d   Thumb Code     0  fflt_clz.o(x$fpl$fflt)
    _fflt                                    0x08003f0d   Thumb Code    48  fflt_clz.o(x$fpl$fflt)
    __aeabi_cfcmple                          0x08003f3d   Thumb Code     0  fleqf.o(x$fpl$fleqf)
    _fcmple                                  0x08003f3d   Thumb Code   104  fleqf.o(x$fpl$fleqf)
    __fpl_fcmple_InfNaN                      0x08003f8f   Thumb Code     0  fleqf.o(x$fpl$fleqf)
    __aeabi_fmul                             0x08003fa5   Thumb Code     0  fmul.o(x$fpl$fmul)
    _fmul                                    0x08003fa5   Thumb Code   258  fmul.o(x$fpl$fmul)
    __fpl_fnaninf                            0x080040a7   Thumb Code   140  fnaninf.o(x$fpl$fnaninf)
    __fpl_fretinf                            0x08004133   Thumb Code    10  fretinf.o(x$fpl$fretinf)
    __aeabi_cfrcmple                         0x0800413d   Thumb Code     0  frleqf.o(x$fpl$frleqf)
    _frcmple                                 0x0800413d   Thumb Code    98  frleqf.o(x$fpl$frleqf)
    __aeabi_frsub                            0x0800419f   Thumb Code     0  faddsub_clz.o(x$fpl$frsb)
    _frsb                                    0x0800419f   Thumb Code    20  faddsub_clz.o(x$fpl$frsb)
    __aeabi_fsub                             0x080041b5   Thumb Code     0  faddsub_clz.o(x$fpl$fsub)
    _fsub                                    0x080041b5   Thumb Code   234  faddsub_clz.o(x$fpl$fsub)
    _printf_fp_dec                           0x0800429f   Thumb Code     4  printf1.o(x$fpl$printf1)
    _printf_fp_hex                           0x080042a3   Thumb Code     4  printf2.o(x$fpl$printf2)
    OLED_F8x16                               0x080042a6   Data        1520  oled.o(.constdata)
    __I$use$fp                               0x080042a6   Number         0  usenofp.o(x$fpl$usenofp)
    Region$$Table$$Base                      0x08004994   Number         0  anon$$obj.o(Region$$Table)
    Region$$Table$$Limit                     0x080049b4   Number         0  anon$$obj.o(Region$$Table)
    __ctype                                  0x080049dd   Data           0  lc_ctype_c.o(locale$$data)
    Serial_RxFlag                            0x20000019   Data           1  serial.o(.data)
    Key_Num                                  0x2000017c   Data           1  main.o(.data)
    Route_Flag                               0x2000017d   Data           1  main.o(.data)
    Speed1                                   0x2000017e   Data           2  main.o(.data)
    Speed2                                   0x20000180   Data           2  main.o(.data)
    PIDControl                               0x20000182   Data           1  main.o(.data)
    Speed_Target                             0x20000184   Data           2  main.o(.data)
    Serial_RxPacket                          0x20000188   Data         100  serial.o(.bss)
    __libspace_start                         0x200001ec   Data          96  libspace.o(.bss)
    __temporary_stack_top$libspace           0x2000024c   Data           0  libspace.o(.bss)



==============================================================================

Memory Map of the image

  Image Entry point : 0x080000ed

  Load Region LR_IROM1 (Base: 0x08000000, Size: 0x00004c68, Max: 0x00010000, ABSOLUTE, COMPRESSED[0x00004b1c])

    Execution Region ER_IROM1 (Exec base: 0x08000000, Load base: 0x08000000, Size: 0x00004ae0, Max: 0x00010000, ABSOLUTE)

    Exec Addr    Load Addr    Size         Type   Attr      Idx    E Section Name        Object

    0x08000000   0x08000000   0x000000ec   Data   RO            3    RESET               startup_stm32f10x_md.o
    0x080000ec   0x080000ec   0x00000008   Code   RO         3844  * !!!main             c_w.l(__main.o)
    0x080000f4   0x080000f4   0x00000034   Code   RO         4195    !!!scatter          c_w.l(__scatter.o)
    0x08000128   0x08000128   0x0000005a   Code   RO         4193    !!dczerorl2         c_w.l(__dczerorl2.o)
    0x08000182   0x08000182   0x00000002   PAD
    0x08000184   0x08000184   0x0000001c   Code   RO         4197    !!handler_zi        c_w.l(__scatter_zi.o)
    0x080001a0   0x080001a0   0x00000000   Code   RO         3950    .ARM.Collect$$_printf_percent$$00000000  c_w.l(_printf_percent.o)
    0x080001a0   0x080001a0   0x00000006   Code   RO         3939    .ARM.Collect$$_printf_percent$$00000001  c_w.l(_printf_n.o)
    0x080001a6   0x080001a6   0x00000006   Code   RO         3941    .ARM.Collect$$_printf_percent$$00000002  c_w.l(_printf_p.o)
    0x080001ac   0x080001ac   0x00000006   Code   RO         3946    .ARM.Collect$$_printf_percent$$00000003  c_w.l(_printf_f.o)
    0x080001b2   0x080001b2   0x00000006   Code   RO         3947    .ARM.Collect$$_printf_percent$$00000004  c_w.l(_printf_e.o)
    0x080001b8   0x080001b8   0x00000006   Code   RO         3948    .ARM.Collect$$_printf_percent$$00000005  c_w.l(_printf_g.o)
    0x080001be   0x080001be   0x00000006   Code   RO         3949    .ARM.Collect$$_printf_percent$$00000006  c_w.l(_printf_a.o)
    0x080001c4   0x080001c4   0x0000000a   Code   RO         3954    .ARM.Collect$$_printf_percent$$00000007  c_w.l(_printf_ll.o)
    0x080001ce   0x080001ce   0x00000006   Code   RO         3943    .ARM.Collect$$_printf_percent$$00000008  c_w.l(_printf_i.o)
    0x080001d4   0x080001d4   0x00000006   Code   RO         3944    .ARM.Collect$$_printf_percent$$00000009  c_w.l(_printf_d.o)
    0x080001da   0x080001da   0x00000006   Code   RO         3945    .ARM.Collect$$_printf_percent$$0000000A  c_w.l(_printf_u.o)
    0x080001e0   0x080001e0   0x00000006   Code   RO         3942    .ARM.Collect$$_printf_percent$$0000000B  c_w.l(_printf_o.o)
    0x080001e6   0x080001e6   0x00000006   Code   RO         3940    .ARM.Collect$$_printf_percent$$0000000C  c_w.l(_printf_x.o)
    0x080001ec   0x080001ec   0x00000006   Code   RO         3951    .ARM.Collect$$_printf_percent$$0000000D  c_w.l(_printf_lli.o)
    0x080001f2   0x080001f2   0x00000006   Code   RO         3952    .ARM.Collect$$_printf_percent$$0000000E  c_w.l(_printf_lld.o)
    0x080001f8   0x080001f8   0x00000006   Code   RO         3953    .ARM.Collect$$_printf_percent$$0000000F  c_w.l(_printf_llu.o)
    0x080001fe   0x080001fe   0x00000006   Code   RO         3958    .ARM.Collect$$_printf_percent$$00000010  c_w.l(_printf_llo.o)
    0x08000204   0x08000204   0x00000006   Code   RO         3959    .ARM.Collect$$_printf_percent$$00000011  c_w.l(_printf_llx.o)
    0x0800020a   0x0800020a   0x0000000a   Code   RO         3955    .ARM.Collect$$_printf_percent$$00000012  c_w.l(_printf_l.o)
    0x08000214   0x08000214   0x00000006   Code   RO         3937    .ARM.Collect$$_printf_percent$$00000013  c_w.l(_printf_c.o)
    0x0800021a   0x0800021a   0x00000006   Code   RO         3938    .ARM.Collect$$_printf_percent$$00000014  c_w.l(_printf_s.o)
    0x08000220   0x08000220   0x00000006   Code   RO         3956    .ARM.Collect$$_printf_percent$$00000015  c_w.l(_printf_lc.o)
    0x08000226   0x08000226   0x00000006   Code   RO         3957    .ARM.Collect$$_printf_percent$$00000016  c_w.l(_printf_ls.o)
    0x0800022c   0x0800022c   0x00000004   Code   RO         4005    .ARM.Collect$$_printf_percent$$00000017  c_w.l(_printf_percent_end.o)
    0x08000230   0x08000230   0x00000002   Code   RO         4054    .ARM.Collect$$libinit$$00000000  c_w.l(libinit.o)
    0x08000232   0x08000232   0x00000000   Code   RO         4070    .ARM.Collect$$libinit$$00000002  c_w.l(libinit2.o)
    0x08000232   0x08000232   0x00000000   Code   RO         4072    .ARM.Collect$$libinit$$00000004  c_w.l(libinit2.o)
    0x08000232   0x08000232   0x00000000   Code   RO         4075    .ARM.Collect$$libinit$$0000000A  c_w.l(libinit2.o)
    0x08000232   0x08000232   0x00000000   Code   RO         4077    .ARM.Collect$$libinit$$0000000C  c_w.l(libinit2.o)
    0x08000232   0x08000232   0x00000000   Code   RO         4079    .ARM.Collect$$libinit$$0000000E  c_w.l(libinit2.o)
    0x08000232   0x08000232   0x00000006   Code   RO         4080    .ARM.Collect$$libinit$$0000000F  c_w.l(libinit2.o)
    0x08000238   0x08000238   0x00000000   Code   RO         4082    .ARM.Collect$$libinit$$00000011  c_w.l(libinit2.o)
    0x08000238   0x08000238   0x0000000c   Code   RO         4083    .ARM.Collect$$libinit$$00000012  c_w.l(libinit2.o)
    0x08000244   0x08000244   0x00000000   Code   RO         4084    .ARM.Collect$$libinit$$00000013  c_w.l(libinit2.o)
    0x08000244   0x08000244   0x00000000   Code   RO         4086    .ARM.Collect$$libinit$$00000015  c_w.l(libinit2.o)
    0x08000244   0x08000244   0x0000000a   Code   RO         4087    .ARM.Collect$$libinit$$00000016  c_w.l(libinit2.o)
    0x0800024e   0x0800024e   0x00000000   Code   RO         4088    .ARM.Collect$$libinit$$00000017  c_w.l(libinit2.o)
    0x0800024e   0x0800024e   0x00000000   Code   RO         4090    .ARM.Collect$$libinit$$00000019  c_w.l(libinit2.o)
    0x0800024e   0x0800024e   0x00000000   Code   RO         4092    .ARM.Collect$$libinit$$0000001B  c_w.l(libinit2.o)
    0x0800024e   0x0800024e   0x00000000   Code   RO         4094    .ARM.Collect$$libinit$$0000001D  c_w.l(libinit2.o)
    0x0800024e   0x0800024e   0x00000000   Code   RO         4096    .ARM.Collect$$libinit$$0000001F  c_w.l(libinit2.o)
    0x0800024e   0x0800024e   0x00000000   Code   RO         4098    .ARM.Collect$$libinit$$00000021  c_w.l(libinit2.o)
    0x0800024e   0x0800024e   0x00000000   Code   RO         4100    .ARM.Collect$$libinit$$00000023  c_w.l(libinit2.o)
    0x0800024e   0x0800024e   0x00000000   Code   RO         4102    .ARM.Collect$$libinit$$00000025  c_w.l(libinit2.o)
    0x0800024e   0x0800024e   0x00000000   Code   RO         4106    .ARM.Collect$$libinit$$0000002C  c_w.l(libinit2.o)
    0x0800024e   0x0800024e   0x00000000   Code   RO         4108    .ARM.Collect$$libinit$$0000002E  c_w.l(libinit2.o)
    0x0800024e   0x0800024e   0x00000000   Code   RO         4110    .ARM.Collect$$libinit$$00000030  c_w.l(libinit2.o)
    0x0800024e   0x0800024e   0x00000000   Code   RO         4112    .ARM.Collect$$libinit$$00000032  c_w.l(libinit2.o)
    0x0800024e   0x0800024e   0x00000002   Code   RO         4113    .ARM.Collect$$libinit$$00000033  c_w.l(libinit2.o)
    0x08000250   0x08000250   0x00000002   Code   RO         4133    .ARM.Collect$$libshutdown$$00000000  c_w.l(libshutdown.o)
    0x08000252   0x08000252   0x00000000   Code   RO         4146    .ARM.Collect$$libshutdown$$00000002  c_w.l(libshutdown2.o)
    0x08000252   0x08000252   0x00000000   Code   RO         4148    .ARM.Collect$$libshutdown$$00000004  c_w.l(libshutdown2.o)
    0x08000252   0x08000252   0x00000000   Code   RO         4151    .ARM.Collect$$libshutdown$$00000007  c_w.l(libshutdown2.o)
    0x08000252   0x08000252   0x00000000   Code   RO         4154    .ARM.Collect$$libshutdown$$0000000A  c_w.l(libshutdown2.o)
    0x08000252   0x08000252   0x00000000   Code   RO         4156    .ARM.Collect$$libshutdown$$0000000C  c_w.l(libshutdown2.o)
    0x08000252   0x08000252   0x00000000   Code   RO         4159    .ARM.Collect$$libshutdown$$0000000F  c_w.l(libshutdown2.o)
    0x08000252   0x08000252   0x00000002   Code   RO         4160    .ARM.Collect$$libshutdown$$00000010  c_w.l(libshutdown2.o)
    0x08000254   0x08000254   0x00000000   Code   RO         3868    .ARM.Collect$$rtentry$$00000000  c_w.l(__rtentry.o)
    0x08000254   0x08000254   0x00000000   Code   RO         3976    .ARM.Collect$$rtentry$$00000002  c_w.l(__rtentry2.o)
    0x08000254   0x08000254   0x00000006   Code   RO         3988    .ARM.Collect$$rtentry$$00000004  c_w.l(__rtentry4.o)
    0x0800025a   0x0800025a   0x00000000   Code   RO         3978    .ARM.Collect$$rtentry$$00000009  c_w.l(__rtentry2.o)
    0x0800025a   0x0800025a   0x00000004   Code   RO         3979    .ARM.Collect$$rtentry$$0000000A  c_w.l(__rtentry2.o)
    0x0800025e   0x0800025e   0x00000000   Code   RO         3981    .ARM.Collect$$rtentry$$0000000C  c_w.l(__rtentry2.o)
    0x0800025e   0x0800025e   0x00000008   Code   RO         3982    .ARM.Collect$$rtentry$$0000000D  c_w.l(__rtentry2.o)
    0x08000266   0x08000266   0x00000002   Code   RO         4062    .ARM.Collect$$rtexit$$00000000  c_w.l(rtexit.o)
    0x08000268   0x08000268   0x00000000   Code   RO         4115    .ARM.Collect$$rtexit$$00000002  c_w.l(rtexit2.o)
    0x08000268   0x08000268   0x00000004   Code   RO         4116    .ARM.Collect$$rtexit$$00000003  c_w.l(rtexit2.o)
    0x0800026c   0x0800026c   0x00000006   Code   RO         4117    .ARM.Collect$$rtexit$$00000004  c_w.l(rtexit2.o)
    0x08000272   0x08000272   0x00000002   PAD
    0x08000274   0x08000274   0x00000040   Code   RO            4    .text               startup_stm32f10x_md.o
    0x080002b4   0x080002b4   0x00000024   Code   RO         3840    .text               c_w.l(vsprintf.o)
    0x080002d8   0x080002d8   0x00000006   Code   RO         3842    .text               c_w.l(heapauxi.o)
    0x080002de   0x080002de   0x0000004e   Code   RO         3871    .text               c_w.l(_printf_pad.o)
    0x0800032c   0x0800032c   0x00000024   Code   RO         3873    .text               c_w.l(_printf_truncate.o)
    0x08000350   0x08000350   0x00000052   Code   RO         3875    .text               c_w.l(_printf_str.o)
    0x080003a2   0x080003a2   0x00000002   PAD
    0x080003a4   0x080003a4   0x00000078   Code   RO         3877    .text               c_w.l(_printf_dec.o)
    0x0800041c   0x0800041c   0x00000028   Code   RO         3879    .text               c_w.l(_printf_charcount.o)
    0x08000444   0x08000444   0x00000030   Code   RO         3881    .text               c_w.l(_printf_char_common.o)
    0x08000474   0x08000474   0x0000000a   Code   RO         3883    .text               c_w.l(_sputc.o)
    0x0800047e   0x0800047e   0x00000002   PAD
    0x08000480   0x08000480   0x000000bc   Code   RO         3885    .text               c_w.l(_printf_wctomb.o)
    0x0800053c   0x0800053c   0x0000007c   Code   RO         3888    .text               c_w.l(_printf_longlong_dec.o)
    0x080005b8   0x080005b8   0x00000070   Code   RO         3894    .text               c_w.l(_printf_oct_int_ll.o)
    0x08000628   0x08000628   0x00000094   Code   RO         3914    .text               c_w.l(_printf_hex_int_ll_ptr.o)
    0x080006bc   0x080006bc   0x00000188   Code   RO         3934    .text               c_w.l(__printf_flags_ss_wp.o)
    0x08000844   0x08000844   0x0000008a   Code   RO         3990    .text               c_w.l(lludiv10.o)
    0x080008ce   0x080008ce   0x000000b2   Code   RO         3992    .text               c_w.l(_printf_intcommon.o)
    0x08000980   0x08000980   0x0000041e   Code   RO         3994    .text               c_w.l(_printf_fp_dec.o)
    0x08000d9e   0x08000d9e   0x00000002   PAD
    0x08000da0   0x08000da0   0x000002fc   Code   RO         3996    .text               c_w.l(_printf_fp_hex.o)
    0x0800109c   0x0800109c   0x0000002c   Code   RO         4001    .text               c_w.l(_printf_char.o)
    0x080010c8   0x080010c8   0x0000002c   Code   RO         4003    .text               c_w.l(_printf_wchar.o)
    0x080010f4   0x080010f4   0x00000040   Code   RO         4006    .text               c_w.l(_wcrtomb.o)
    0x08001134   0x08001134   0x0000004a   Code   RO         4008    .text               c_w.l(sys_stackheap_outer.o)
    0x0800117e   0x0800117e   0x00000002   PAD
    0x08001180   0x08001180   0x00000010   Code   RO         4010    .text               c_w.l(rt_ctype_table.o)
    0x08001190   0x08001190   0x00000008   Code   RO         4015    .text               c_w.l(rt_locale_intlibspace.o)
    0x08001198   0x08001198   0x00000080   Code   RO         4017    .text               c_w.l(_printf_fp_infnan.o)
    0x08001218   0x08001218   0x000000e4   Code   RO         4019    .text               c_w.l(bigflt0.o)
    0x080012fc   0x080012fc   0x00000012   Code   RO         4047    .text               c_w.l(exit.o)
    0x0800130e   0x0800130e   0x00000002   PAD
    0x08001310   0x08001310   0x00000008   Code   RO         4059    .text               c_w.l(libspace.o)
    0x08001318   0x08001318   0x00000080   Code   RO         4067    .text               c_w.l(strcmpv7m.o)
    0x08001398   0x08001398   0x0000000c   Code   RO         4125    .text               c_w.l(sys_exit.o)
    0x080013a4   0x080013a4   0x00000002   Code   RO         4136    .text               c_w.l(use_no_semi.o)
    0x080013a6   0x080013a6   0x00000000   Code   RO         4138    .text               c_w.l(indicate_semi.o)
    0x080013a6   0x080013a6   0x0000003e   Code   RO         4022    CL$$btod_d2e        c_w.l(btod.o)
    0x080013e4   0x080013e4   0x00000046   Code   RO         4024    CL$$btod_d2e_denorm_low  c_w.l(btod.o)
    0x0800142a   0x0800142a   0x00000060   Code   RO         4023    CL$$btod_d2e_norm_op1  c_w.l(btod.o)
    0x0800148a   0x0800148a   0x00000338   Code   RO         4032    CL$$btod_div_common  c_w.l(btod.o)
    0x080017c2   0x080017c2   0x000000dc   Code   RO         4029    CL$$btod_e2e        c_w.l(btod.o)
    0x0800189e   0x0800189e   0x0000002a   Code   RO         4026    CL$$btod_ediv       c_w.l(btod.o)
    0x080018c8   0x080018c8   0x0000002a   Code   RO         4025    CL$$btod_emul       c_w.l(btod.o)
    0x080018f2   0x080018f2   0x00000244   Code   RO         4031    CL$$btod_mult_common  c_w.l(btod.o)
    0x08001b36   0x08001b36   0x00000004   Code   RO         3775    i.BusFault_Handler  stm32f10x_it.o
    0x08001b3a   0x08001b3a   0x00000002   Code   RO         3776    i.DebugMon_Handler  stm32f10x_it.o
    0x08001b3c   0x08001b3c   0x0000001c   Code   RO         3550    i.Encoder_GetSpeed1  encoder.o
    0x08001b58   0x08001b58   0x0000001c   Code   RO         3551    i.Encoder_GetSpeed2  encoder.o
    0x08001b74   0x08001b74   0x00000144   Code   RO         3552    i.Encoder_Init      encoder.o
    0x08001cb8   0x08001cb8   0x00000116   Code   RO         1347    i.GPIO_Init         stm32f10x_gpio.o
    0x08001dce   0x08001dce   0x00000012   Code   RO         1351    i.GPIO_ReadInputDataBit  stm32f10x_gpio.o
    0x08001de0   0x08001de0   0x00000004   Code   RO         1354    i.GPIO_ResetBits    stm32f10x_gpio.o
    0x08001de4   0x08001de4   0x00000004   Code   RO         1355    i.GPIO_SetBits      stm32f10x_gpio.o
    0x08001de8   0x08001de8   0x0000000a   Code   RO         1358    i.GPIO_WriteBit     stm32f10x_gpio.o
    0x08001df2   0x08001df2   0x00000004   Code   RO         3777    i.HardFault_Handler  stm32f10x_it.o
    0x08001df6   0x08001df6   0x00000002   PAD
    0x08001df8   0x08001df8   0x000000c0   Code   RO         3693    i.Image_Control     image.o
    0x08001eb8   0x08001eb8   0x00000054   Code   RO         3363    i.Key_GetNum        key.o
    0x08001f0c   0x08001f0c   0x0000002c   Code   RO         3364    i.Key_Init          key.o
    0x08001f38   0x08001f38   0x00000058   Code   RO         3365    i.Key_Speed         key.o
    0x08001f90   0x08001f90   0x00000004   Code   RO         3778    i.MemManage_Handler  stm32f10x_it.o
    0x08001f94   0x08001f94   0x0000004c   Code   RO         3523    i.Moter_Init        moter.o
    0x08001fe0   0x08001fe0   0x00000048   Code   RO         3524    i.Moter_SetPower1   moter.o
    0x08002028   0x08002028   0x00000002   Code   RO         3779    i.NMI_Handler       stm32f10x_it.o
    0x0800202a   0x0800202a   0x00000002   PAD
    0x0800202c   0x0800202c   0x00000070   Code   RO          137    i.NVIC_Init         misc.o
    0x0800209c   0x0800209c   0x00000014   Code   RO          138    i.NVIC_PriorityGroupConfig  misc.o
    0x080020b0   0x080020b0   0x0000002a   Code   RO         3391    i.OLED_Clear        oled.o
    0x080020da   0x080020da   0x00000002   PAD
    0x080020dc   0x080020dc   0x00000050   Code   RO         3392    i.OLED_I2C_Init     oled.o
    0x0800212c   0x0800212c   0x0000005c   Code   RO         3393    i.OLED_I2C_SendByte  oled.o
    0x08002188   0x08002188   0x00000034   Code   RO         3394    i.OLED_I2C_Start    oled.o
    0x080021bc   0x080021bc   0x00000028   Code   RO         3395    i.OLED_I2C_Stop     oled.o
    0x080021e4   0x080021e4   0x000000ae   Code   RO         3396    i.OLED_Init         oled.o
    0x08002292   0x08002292   0x00000014   Code   RO         3397    i.OLED_Pow          oled.o
    0x080022a6   0x080022a6   0x00000022   Code   RO         3398    i.OLED_SetCursor    oled.o
    0x080022c8   0x080022c8   0x00000074   Code   RO         3400    i.OLED_ShowChar     oled.o
    0x0800233c   0x0800233c   0x00000066   Code   RO         3403    i.OLED_ShowSignedNum  oled.o
    0x080023a2   0x080023a2   0x00000028   Code   RO         3404    i.OLED_ShowString   oled.o
    0x080023ca   0x080023ca   0x00000020   Code   RO         3405    i.OLED_WriteCommand  oled.o
    0x080023ea   0x080023ea   0x00000020   Code   RO         3406    i.OLED_WriteData    oled.o
    0x0800240a   0x0800240a   0x00000002   PAD
    0x0800240c   0x0800240c   0x00000218   Code   RO         3652    i.PID_LeftSlight    pid.o
    0x08002624   0x08002624   0x00000218   Code   RO         3653    i.PID_LeftStraight  pid.o
    0x0800283c   0x0800283c   0x00000218   Code   RO         3654    i.PID_RightSlight   pid.o
    0x08002a54   0x08002a54   0x00000218   Code   RO         3655    i.PID_RightStraight  pid.o
    0x08002c6c   0x08002c6c   0x0000022c   Code   RO         3656    i.PID_Straight      pid.o
    0x08002e98   0x08002e98   0x00000098   Code   RO         3499    i.PWM_Init          pwm.o
    0x08002f30   0x08002f30   0x00000010   Code   RO         3500    i.PWM_SetCompare3   pwm.o
    0x08002f40   0x08002f40   0x00000002   Code   RO         3780    i.PendSV_Handler    stm32f10x_it.o
    0x08002f42   0x08002f42   0x00000002   PAD
    0x08002f44   0x08002f44   0x00000020   Code   RO         1775    i.RCC_APB1PeriphClockCmd  stm32f10x_rcc.o
    0x08002f64   0x08002f64   0x00000020   Code   RO         1777    i.RCC_APB2PeriphClockCmd  stm32f10x_rcc.o
    0x08002f84   0x08002f84   0x000000d4   Code   RO         1785    i.RCC_GetClocksFreq  stm32f10x_rcc.o
    0x08003058   0x08003058   0x000000a8   Code   RO         3633    i.Route_Judge       sensor.o
    0x08003100   0x08003100   0x00000002   Code   RO         3781    i.SVC_Handler       stm32f10x_it.o
    0x08003102   0x08003102   0x00000002   PAD
    0x08003104   0x08003104   0x00000044   Code   RO         3634    i.Sensor_Init       sensor.o
    0x08003148   0x08003148   0x000000b8   Code   RO         3574    i.Serial_Init       serial.o
    0x08003200   0x08003200   0x00000024   Code   RO         3575    i.Serial_Printf     serial.o
    0x08003224   0x08003224   0x00000020   Code   RO         3577    i.Serial_SendByte   serial.o
    0x08003244   0x08003244   0x0000001a   Code   RO         3578    i.Serial_SendString  serial.o
    0x0800325e   0x0800325e   0x00000008   Code   RO           24    i.SetSysClock       system_stm32f10x.o
    0x08003266   0x08003266   0x00000002   PAD
    0x08003268   0x08003268   0x000000e0   Code   RO           25    i.SetSysClockTo72   system_stm32f10x.o
    0x08003348   0x08003348   0x00000002   Code   RO         3782    i.SysTick_Handler   stm32f10x_it.o
    0x0800334a   0x0800334a   0x00000002   PAD
    0x0800334c   0x0800334c   0x00000060   Code   RO           27    i.SystemInit        system_stm32f10x.o
    0x080033ac   0x080033ac   0x00000080   Code   RO         2405    i.TI1_Config        stm32f10x_tim.o
    0x0800342c   0x0800342c   0x00000098   Code   RO         2406    i.TI2_Config        stm32f10x_tim.o
    0x080034c4   0x080034c4   0x00000090   Code   RO         2407    i.TI3_Config        stm32f10x_tim.o
    0x08003554   0x08003554   0x00000098   Code   RO         2408    i.TI4_Config        stm32f10x_tim.o
    0x080035ec   0x080035ec   0x000000ec   Code   RO         3723    i.TIM2_IRQHandler   main.o
    0x080036d8   0x080036d8   0x00000006   Code   RO         2415    i.TIM_ClearFlag     stm32f10x_tim.o
    0x080036de   0x080036de   0x00000006   Code   RO         2416    i.TIM_ClearITPendingBit  stm32f10x_tim.o
    0x080036e4   0x080036e4   0x00000018   Code   RO         2421    i.TIM_Cmd           stm32f10x_tim.o
    0x080036fc   0x080036fc   0x00000042   Code   RO         2430    i.TIM_EncoderInterfaceConfig  stm32f10x_tim.o
    0x0800373e   0x0800373e   0x00000006   Code   RO         2440    i.TIM_GetCounter    stm32f10x_tim.o
    0x08003744   0x08003744   0x00000022   Code   RO         2442    i.TIM_GetITStatus   stm32f10x_tim.o
    0x08003766   0x08003766   0x00000002   PAD
    0x08003768   0x08003768   0x000000ac   Code   RO         2444    i.TIM_ICInit        stm32f10x_tim.o
    0x08003814   0x08003814   0x00000012   Code   RO         2445    i.TIM_ICStructInit  stm32f10x_tim.o
    0x08003826   0x08003826   0x00000012   Code   RO         2446    i.TIM_ITConfig      stm32f10x_tim.o
    0x08003838   0x08003838   0x0000000c   Code   RO         2448    i.TIM_InternalClockConfig  stm32f10x_tim.o
    0x08003844   0x08003844   0x000000a0   Code   RO         2460    i.TIM_OC3Init       stm32f10x_tim.o
    0x080038e4   0x080038e4   0x0000007c   Code   RO         2465    i.TIM_OC4Init       stm32f10x_tim.o
    0x08003960   0x08003960   0x00000014   Code   RO         2468    i.TIM_OCStructInit  stm32f10x_tim.o
    0x08003974   0x08003974   0x00000004   Code   RO         2484    i.TIM_SetCompare3   stm32f10x_tim.o
    0x08003978   0x08003978   0x00000004   Code   RO         2486    i.TIM_SetCounter    stm32f10x_tim.o
    0x0800397c   0x0800397c   0x00000012   Code   RO         2487    i.TIM_SetIC1Prescaler  stm32f10x_tim.o
    0x0800398e   0x0800398e   0x0000001a   Code   RO         2488    i.TIM_SetIC2Prescaler  stm32f10x_tim.o
    0x080039a8   0x080039a8   0x00000012   Code   RO         2489    i.TIM_SetIC3Prescaler  stm32f10x_tim.o
    0x080039ba   0x080039ba   0x0000001a   Code   RO         2490    i.TIM_SetIC4Prescaler  stm32f10x_tim.o
    0x080039d4   0x080039d4   0x000000a4   Code   RO         2492    i.TIM_TimeBaseInit  stm32f10x_tim.o
    0x08003a78   0x08003a78   0x00000078   Code   RO         3220    i.Time_Init         timer.o
    0x08003af0   0x08003af0   0x00000078   Code   RO         3579    i.USART1_IRQHandler  serial.o
    0x08003b68   0x08003b68   0x0000001e   Code   RO         2957    i.USART_ClearITPendingBit  stm32f10x_usart.o
    0x08003b86   0x08003b86   0x00000018   Code   RO         2960    i.USART_Cmd         stm32f10x_usart.o
    0x08003b9e   0x08003b9e   0x0000001a   Code   RO         2963    i.USART_GetFlagStatus  stm32f10x_usart.o
    0x08003bb8   0x08003bb8   0x00000054   Code   RO         2964    i.USART_GetITStatus  stm32f10x_usart.o
    0x08003c0c   0x08003c0c   0x0000004a   Code   RO         2966    i.USART_ITConfig    stm32f10x_usart.o
    0x08003c56   0x08003c56   0x00000002   PAD
    0x08003c58   0x08003c58   0x000000d8   Code   RO         2967    i.USART_Init        stm32f10x_usart.o
    0x08003d30   0x08003d30   0x0000000a   Code   RO         2974    i.USART_ReceiveData  stm32f10x_usart.o
    0x08003d3a   0x08003d3a   0x00000008   Code   RO         2977    i.USART_SendData    stm32f10x_usart.o
    0x08003d42   0x08003d42   0x00000004   Code   RO         3783    i.UsageFault_Handler  stm32f10x_it.o
    0x08003d46   0x08003d46   0x00000028   Code   RO         4057    i.__ARM_fpclassify  m_ws.l(fpclassify.o)
    0x08003d6e   0x08003d6e   0x0000000e   Code   RO         3927    i._is_digit         c_w.l(__printf_wp.o)
    0x08003d7c   0x08003d7c   0x00000024   Code   RO         3724    i.main              main.o
    0x08003da0   0x08003da0   0x0000002c   Code   RO         4045    locale$$code        c_w.l(lc_numeric_c.o)
    0x08003dcc   0x08003dcc   0x0000002c   Code   RO         4065    locale$$code        c_w.l(lc_ctype_c.o)
    0x08003df8   0x08003df8   0x000000c4   Code   RO         3846    x$fpl$fadd          fz_ws.l(faddsub_clz.o)
    0x08003ebc   0x08003ebc   0x00000018   Code   RO         3960    x$fpl$fcmpinf       fz_ws.l(fcmpi.o)
    0x08003ed4   0x08003ed4   0x00000036   Code   RO         3852    x$fpl$ffix          fz_ws.l(ffix.o)
    0x08003f0a   0x08003f0a   0x00000002   PAD
    0x08003f0c   0x08003f0c   0x00000030   Code   RO         3857    x$fpl$fflt          fz_ws.l(fflt_clz.o)
    0x08003f3c   0x08003f3c   0x00000068   Code   RO         3862    x$fpl$fleqf         fz_ws.l(fleqf.o)
    0x08003fa4   0x08003fa4   0x00000102   Code   RO         3864    x$fpl$fmul          fz_ws.l(fmul.o)
    0x080040a6   0x080040a6   0x0000008c   Code   RO         3962    x$fpl$fnaninf       fz_ws.l(fnaninf.o)
    0x08004132   0x08004132   0x0000000a   Code   RO         3964    x$fpl$fretinf       fz_ws.l(fretinf.o)
    0x0800413c   0x0800413c   0x00000062   Code   RO         3866    x$fpl$frleqf        fz_ws.l(frleqf.o)
    0x0800419e   0x0800419e   0x00000014   Code   RO         3847    x$fpl$frsb          fz_ws.l(faddsub_clz.o)
    0x080041b2   0x080041b2   0x00000002   PAD
    0x080041b4   0x080041b4   0x000000ea   Code   RO         3848    x$fpl$fsub          fz_ws.l(faddsub_clz.o)
    0x0800429e   0x0800429e   0x00000004   Code   RO         3966    x$fpl$printf1       fz_ws.l(printf1.o)
    0x080042a2   0x080042a2   0x00000004   Code   RO         3968    x$fpl$printf2       fz_ws.l(printf2.o)
    0x080042a6   0x080042a6   0x00000000   Code   RO         3974    x$fpl$usenofp       fz_ws.l(usenofp.o)
    0x080042a6   0x080042a6   0x000005f0   Data   RO         3407    .constdata          oled.o
    0x08004896   0x08004896   0x00000002   PAD
    0x08004898   0x08004898   0x00000008   Data   RO         3886    .constdata          c_w.l(_printf_wctomb.o)
    0x080048a0   0x080048a0   0x00000028   Data   RO         3915    .constdata          c_w.l(_printf_hex_int_ll_ptr.o)
    0x080048c8   0x080048c8   0x00000011   Data   RO         3935    .constdata          c_w.l(__printf_flags_ss_wp.o)
    0x080048d9   0x080048d9   0x00000026   Data   RO         3997    .constdata          c_w.l(_printf_fp_hex.o)
    0x080048ff   0x080048ff   0x00000001   PAD
    0x08004900   0x08004900   0x00000094   Data   RO         4020    .constdata          c_w.l(bigflt0.o)
    0x08004994   0x08004994   0x00000020   Data   RO         4191    Region$$Table       anon$$obj.o
    0x080049b4   0x080049b4   0x0000001c   Data   RO         4044    locale$$data        c_w.l(lc_numeric_c.o)
    0x080049d0   0x080049d0   0x00000110   Data   RO         4064    locale$$data        c_w.l(lc_ctype_c.o)


    Execution Region RW_IRAM1 (Exec base: 0x20000000, Load base: 0x08004ae0, Size: 0x00000850, Max: 0x00005000, ABSOLUTE, COMPRESSED[0x0000003c])

    Exec Addr    Load Addr    Size         Type   Attr      Idx    E Section Name        Object

    0x20000000   COMPRESSED   0x00000014   Data   RW         1805    .data               stm32f10x_rcc.o
    0x20000014   COMPRESSED   0x00000005   Data   RW         3366    .data               key.o
    0x20000019   COMPRESSED   0x00000003   Data   RW         3582    .data               serial.o
    0x2000001c   COMPRESSED   0x00000002   Data   RW         3635    .data               sensor.o
    0x2000001e   COMPRESSED   0x00000002   PAD
    0x20000020   COMPRESSED   0x0000015c   Data   RW         3657    .data               pid.o
    0x2000017c   COMPRESSED   0x0000000c   Data   RW         3725    .data               main.o
    0x20000188        -       0x00000064   Zero   RW         3581    .bss                serial.o
    0x200001ec        -       0x00000060   Zero   RW         4060    .bss                c_w.l(libspace.o)
    0x2000024c   COMPRESSED   0x00000004   PAD
    0x20000250        -       0x00000200   Zero   RW            2    HEAP                startup_stm32f10x_md.o
    0x20000450        -       0x00000400   Zero   RW            1    STACK               startup_stm32f10x_md.o


==============================================================================

Image component sizes


      Code (inc. data)   RO Data    RW Data    ZI Data      Debug   Object Name

         0          0          0          0          0       4500   core_cm3.o
       380         28          0          0          0       1707   encoder.o
       192         86          0          0          0        464   image.o
       216         32          0          5          0       1528   key.o
       272         30          0         12          0       1452   main.o
       132         22          0          0          0     204751   misc.o
       148         10          0          0          0       1003   moter.o
       856         22       1520          0          0       7603   oled.o
      2700        430          0        348          0       4529   pid.o
       168          4          0          0          0       1121   pwm.o
       236         26          0          2          0       1100   sensor.o
       398         30          0          3        100       4036   serial.o
        64         26        236          0       1536        816   startup_stm32f10x_md.o
         0          0          0          0          0       1656   stm32f10x_adc.o
       314          0          0          0          0      12332   stm32f10x_gpio.o
        26          0          0          0          0       3738   stm32f10x_it.o
       276         32          0         20          0      12974   stm32f10x_rcc.o
      1502        170          0          0          0      34844   stm32f10x_tim.o
       472          6          0          0          0      12471   stm32f10x_usart.o
       328         28          0          0          0      45213   system_stm32f10x.o
       120          0          0          0          0     232572   timer.o

    ----------------------------------------------------------------------
      8820        982       1790        392       1636     590410   Object Totals
         0          0         32          0          0          0   (incl. Generated)
        20          0          2          2          0          0   (incl. Padding)

    ----------------------------------------------------------------------

      Code (inc. data)   RO Data    RW Data    ZI Data      Debug   Library Member Name

        90          0          0          0          0          0   __dczerorl2.o
         8          0          0          0          0         68   __main.o
       392          4         17          0          0         92   __printf_flags_ss_wp.o
        14          0          0          0          0         68   __printf_wp.o
         0          0          0          0          0          0   __rtentry.o
        12          0          0          0          0          0   __rtentry2.o
         6          0          0          0          0          0   __rtentry4.o
        52          8          0          0          0          0   __scatter.o
        28          0          0          0          0          0   __scatter_zi.o
         6          0          0          0          0          0   _printf_a.o
         6          0          0          0          0          0   _printf_c.o
        44          0          0          0          0        108   _printf_char.o
        48          6          0          0          0         96   _printf_char_common.o
        40          0          0          0          0         68   _printf_charcount.o
         6          0          0          0          0          0   _printf_d.o
       120         16          0          0          0         92   _printf_dec.o
         6          0          0          0          0          0   _printf_e.o
         6          0          0          0          0          0   _printf_f.o
      1054          0          0          0          0        216   _printf_fp_dec.o
       764          8         38          0          0        100   _printf_fp_hex.o
       128         16          0          0          0         84   _printf_fp_infnan.o
         6          0          0          0          0          0   _printf_g.o
       148          4         40          0          0        160   _printf_hex_int_ll_ptr.o
         6          0          0          0          0          0   _printf_i.o
       178          0          0          0          0         88   _printf_intcommon.o
        10          0          0          0          0          0   _printf_l.o
         6          0          0          0          0          0   _printf_lc.o
        10          0          0          0          0          0   _printf_ll.o
         6          0          0          0          0          0   _printf_lld.o
         6          0          0          0          0          0   _printf_lli.o
         6          0          0          0          0          0   _printf_llo.o
         6          0          0          0          0          0   _printf_llu.o
         6          0          0          0          0          0   _printf_llx.o
       124         16          0          0          0         92   _printf_longlong_dec.o
         6          0          0          0          0          0   _printf_ls.o
         6          0          0          0          0          0   _printf_n.o
         6          0          0          0          0          0   _printf_o.o
       112         10          0          0          0        124   _printf_oct_int_ll.o
         6          0          0          0          0          0   _printf_p.o
        78          0          0          0          0        108   _printf_pad.o
         0          0          0          0          0          0   _printf_percent.o
         4          0          0          0          0          0   _printf_percent_end.o
         6          0          0          0          0          0   _printf_s.o
        82          0          0          0          0         80   _printf_str.o
        36          0          0          0          0         84   _printf_truncate.o
         6          0          0          0          0          0   _printf_u.o
        44          0          0          0          0        108   _printf_wchar.o
       188          6          8          0          0         92   _printf_wctomb.o
         6          0          0          0          0          0   _printf_x.o
        10          0          0          0          0         68   _sputc.o
        64          0          0          0          0         92   _wcrtomb.o
       228          4        148          0          0         96   bigflt0.o
      1936        128          0          0          0        672   btod.o
        18          0          0          0          0         80   exit.o
         6          0          0          0          0        152   heapauxi.o
         0          0          0          0          0          0   indicate_semi.o
        44         10        272          0          0         76   lc_ctype_c.o
        44         10         28          0          0         76   lc_numeric_c.o
         2          0          0          0          0          0   libinit.o
        30          0          0          0          0          0   libinit2.o
         2          0          0          0          0          0   libshutdown.o
         2          0          0          0          0          0   libshutdown2.o
         8          4          0          0         96         68   libspace.o
       138          0          0          0          0         80   lludiv10.o
        16          4          0          0          0         76   rt_ctype_table.o
         8          4          0          0          0         68   rt_locale_intlibspace.o
         2          0          0          0          0          0   rtexit.o
        10          0          0          0          0          0   rtexit2.o
       128          0          0          0          0         68   strcmpv7m.o
        12          4          0          0          0         68   sys_exit.o
        74          0          0          0          0         80   sys_stackheap_outer.o
         2          0          0          0          0         68   use_no_semi.o
        36          4          0          0          0         76   vsprintf.o
       450          8          0          0          0        236   faddsub_clz.o
        24          0          0          0          0         68   fcmpi.o
        54          4          0          0          0         84   ffix.o
        48          0          0          0          0         68   fflt_clz.o
       104          4          0          0          0         84   fleqf.o
       258          4          0          0          0         84   fmul.o
       140          4          0          0          0         84   fnaninf.o
        10          0          0          0          0         68   fretinf.o
        98          0          0          0          0         68   frleqf.o
         4          0          0          0          0         68   printf1.o
         4          0          0          0          0         68   printf2.o
         0          0          0          0          0          0   usenofp.o
        40          0          0          0          0         68   fpclassify.o

    ----------------------------------------------------------------------
      8006        290        552          0        100       4940   Library Totals
        18          0          1          0          4          0   (incl. Padding)

    ----------------------------------------------------------------------

      Code (inc. data)   RO Data    RW Data    ZI Data      Debug   Library Name

      6754        266        551          0         96       3892   c_w.l
      1194         24          0          0          0        980   fz_ws.l
        40          0          0          0          0         68   m_ws.l

    ----------------------------------------------------------------------
      8006        290        552          0        100       4940   Library Totals

    ----------------------------------------------------------------------

==============================================================================


      Code (inc. data)   RO Data    RW Data    ZI Data      Debug   

     16826       1272       2342        392       1736     587910   Grand Totals
     16826       1272       2342         60       1736     587910   ELF Image Totals (compressed)
     16826       1272       2342         60          0          0   ROM Totals

==============================================================================

    Total RO  Size (Code + RO Data)                19168 (  18.72kB)
    Total RW  Size (RW Data + ZI Data)              2128 (   2.08kB)
    Total ROM Size (Code + RO Data + RW Data)      19228 (  18.78kB)

==============================================================================

